Archive member included to satisfy reference by file (symbol)

C:/MaximSDK/Libraries/PeriphDrivers/bin/MAX78000/softfp/libPeriphDriver_softfp.a(mxc_delay.o)
                              C:/Users/obuyukso/Desktop/AI8X/ai8x-synthesis/sdk/Examples/MAX78000/CNN/powernet/build/main.o (MXC_Delay)
C:/MaximSDK/Libraries/PeriphDrivers/bin/MAX78000/softfp/libPeriphDriver_softfp.a(pins_ai85.o)
                              C:/Users/obuyukso/Desktop/AI8X/ai8x-synthesis/sdk/Examples/MAX78000/CNN/powernet/build/camera.o (gpio_cfg_pcif_xclk)
C:/MaximSDK/Libraries/PeriphDrivers/bin/MAX78000/softfp/libPeriphDriver_softfp.a(sys_ai85.o)
                              C:/Users/obuyukso/Desktop/AI8X/ai8x-synthesis/sdk/Examples/MAX78000/CNN/powernet/build/cnn.o (MXC_SYS_ClockDisable)
C:/MaximSDK/Libraries/PeriphDrivers/bin/MAX78000/softfp/libPeriphDriver_softfp.a(nvic_table.o)
                              C:/Users/obuyukso/Desktop/AI8X/ai8x-synthesis/sdk/Examples/MAX78000/CNN/powernet/build/cnn.o (MXC_NVIC_SetVector)
C:/MaximSDK/Libraries/PeriphDrivers/bin/MAX78000/softfp/libPeriphDriver_softfp.a(cameraif_ai85.o)
                              C:/Users/obuyukso/Desktop/AI8X/ai8x-synthesis/sdk/Examples/MAX78000/CNN/powernet/build/camera.o (MXC_PCIF_Init)
C:/MaximSDK/Libraries/PeriphDrivers/bin/MAX78000/softfp/libPeriphDriver_softfp.a(cameraif_reva.o)
                              C:/MaximSDK/Libraries/PeriphDrivers/bin/MAX78000/softfp/libPeriphDriver_softfp.a(cameraif_ai85.o) (MXC_PCIF_RevA_SetDatawidth)
C:/MaximSDK/Libraries/PeriphDrivers/bin/MAX78000/softfp/libPeriphDriver_softfp.a(dma_me17.o)
                              C:/Users/obuyukso/Desktop/AI8X/ai8x-synthesis/sdk/Examples/MAX78000/CNN/powernet/build/camera.o (MXC_DMA_SetCallback)
C:/MaximSDK/Libraries/PeriphDrivers/bin/MAX78000/softfp/libPeriphDriver_softfp.a(dma_reva.o)
                              C:/MaximSDK/Libraries/PeriphDrivers/bin/MAX78000/softfp/libPeriphDriver_softfp.a(dma_me17.o) (MXC_DMA_RevA_Init)
C:/MaximSDK/Libraries/PeriphDrivers/bin/MAX78000/softfp/libPeriphDriver_softfp.a(flc_me17.o)
                              C:/MaximSDK/Libraries/PeriphDrivers/bin/MAX78000/softfp/libPeriphDriver_softfp.a(sys_ai85.o) (MXC_FLC_UnlockInfoBlock)
C:/MaximSDK/Libraries/PeriphDrivers/bin/MAX78000/softfp/libPeriphDriver_softfp.a(flc_reva.o)
                              C:/MaximSDK/Libraries/PeriphDrivers/bin/MAX78000/softfp/libPeriphDriver_softfp.a(flc_me17.o) (MXC_FLC_RevA_Busy)
C:/MaximSDK/Libraries/PeriphDrivers/bin/MAX78000/softfp/libPeriphDriver_softfp.a(gpio_ai85.o)
                              C:/Users/obuyukso/Desktop/AI8X/ai8x-synthesis/sdk/Examples/MAX78000/CNN/powernet/build/cnn.o (MXC_GPIO_Config)
C:/MaximSDK/Libraries/PeriphDrivers/bin/MAX78000/softfp/libPeriphDriver_softfp.a(gpio_reva.o)
                              C:/MaximSDK/Libraries/PeriphDrivers/bin/MAX78000/softfp/libPeriphDriver_softfp.a(gpio_ai85.o) (MXC_GPIO_RevA_InGet)
C:/MaximSDK/Libraries/PeriphDrivers/bin/MAX78000/softfp/libPeriphDriver_softfp.a(i2c_me17.o)
                              C:/Users/obuyukso/Desktop/AI8X/ai8x-synthesis/sdk/Examples/MAX78000/CNN/powernet/build/max20303.o (MXC_I2C_Init)
C:/MaximSDK/Libraries/PeriphDrivers/bin/MAX78000/softfp/libPeriphDriver_softfp.a(i2c_reva.o)
                              C:/MaximSDK/Libraries/PeriphDrivers/bin/MAX78000/softfp/libPeriphDriver_softfp.a(i2c_me17.o) (MXC_I2C_RevA_DMACallback)
C:/MaximSDK/Libraries/PeriphDrivers/bin/MAX78000/softfp/libPeriphDriver_softfp.a(icc_me17.o)
                              C:/Users/obuyukso/Desktop/AI8X/ai8x-synthesis/sdk/Examples/MAX78000/CNN/powernet/build/main.o (MXC_ICC_Enable)
C:/MaximSDK/Libraries/PeriphDrivers/bin/MAX78000/softfp/libPeriphDriver_softfp.a(icc_reva.o)
                              C:/MaximSDK/Libraries/PeriphDrivers/bin/MAX78000/softfp/libPeriphDriver_softfp.a(icc_me17.o) (MXC_ICC_RevA_ID)
C:/MaximSDK/Libraries/PeriphDrivers/bin/MAX78000/softfp/libPeriphDriver_softfp.a(pt_me17.o)
                              C:/Users/obuyukso/Desktop/AI8X/ai8x-synthesis/sdk/Examples/MAX78000/CNN/powernet/build/camera.o (MXC_PT_Init)
C:/MaximSDK/Libraries/PeriphDrivers/bin/MAX78000/softfp/libPeriphDriver_softfp.a(pt_reva.o)
                              C:/MaximSDK/Libraries/PeriphDrivers/bin/MAX78000/softfp/libPeriphDriver_softfp.a(pt_me17.o) (MXC_PT_RevA_Init)
C:/MaximSDK/Libraries/PeriphDrivers/bin/MAX78000/softfp/libPeriphDriver_softfp.a(spi_me17.o)
                              C:/Users/obuyukso/Desktop/AI8X/ai8x-synthesis/sdk/Examples/MAX78000/CNN/powernet/build/tft_ili9341.o (MXC_SPI_Init)
C:/MaximSDK/Libraries/PeriphDrivers/bin/MAX78000/softfp/libPeriphDriver_softfp.a(spi_reva.o)
                              C:/MaximSDK/Libraries/PeriphDrivers/bin/MAX78000/softfp/libPeriphDriver_softfp.a(spi_me17.o) (MXC_SPI_RevA_Init)
C:/MaximSDK/Libraries/PeriphDrivers/bin/MAX78000/softfp/libPeriphDriver_softfp.a(tmr_ai85.o)
[...]
Memory Configuration

Name             Origin             Length             Attributes
ROM              0x00000000         0x00010000         xr
FLASH            0x10000000         0x00080000         xr
SRAM             0x20000000         0x00020000         xrw
*default*        0x00000000         0xffffffff

Linker script and memory map

LOAD c:/maximsdk/tools/gnutools/10.3/bin/../lib/gcc/arm-none-eabi/10.3.1/thumb/v7e-m+fp/softfp/crti.o
LOAD c:/maximsdk/tools/gnutools/10.3/bin/../lib/gcc/arm-none-eabi/10.3.1/thumb/v7e-m+fp/softfp/crtbegin.o
LOAD c:/maximsdk/tools/gnutools/10.3/bin/../lib/gcc/arm-none-eabi/10.3.1/../../../../arm-none-eabi/lib/thumb/v7e-m+fp/softfp/crt0.o
LOAD C:/Users/obuyukso/Desktop/AI8X/ai8x-synthesis/sdk/Examples/MAX78000/CNN/powernet/build/main.o
LOAD C:/Users/obuyukso/Desktop/AI8X/ai8x-synthesis/sdk/Examples/MAX78000/CNN/powernet/build/cnn.o
LOAD C:/Users/obuyukso/Desktop/AI8X/ai8x-synthesis/sdk/Examples/MAX78000/CNN/powernet/build/softmax.o
LOAD C:/Users/obuyukso/Desktop/AI8X/ai8x-synthesis/sdk/Examples/MAX78000/CNN/powernet/build/board.o
LOAD C:/Users/obuyukso/Desktop/AI8X/ai8x-synthesis/sdk/Examples/MAX78000/CNN/powernet/build/stdio.o
LOAD C:/Users/obuyukso/Desktop/AI8X/ai8x-synthesis/sdk/Examples/MAX78000/CNN/powernet/build/led.o
LOAD C:/Users/obuyukso/Desktop/AI8X/ai8x-synthesis/sdk/Examples/MAX78000/CNN/powernet/build/pb.o
LOAD C:/Users/obuyukso/Desktop/AI8X/ai8x-synthesis/sdk/Examples/MAX78000/CNN/powernet/build/tft_ili9341.o
LOAD C:/Users/obuyukso/Desktop/AI8X/ai8x-synthesis/sdk/Examples/MAX78000/CNN/powernet/build/camera.o
LOAD C:/Users/obuyukso/Desktop/AI8X/ai8x-synthesis/sdk/Examples/MAX78000/CNN/powernet/build/ov7692.o
LOAD C:/Users/obuyukso/Desktop/AI8X/ai8x-synthesis/sdk/Examples/MAX78000/CNN/powernet/build/sccb.o
LOAD C:/Users/obuyukso/Desktop/AI8X/ai8x-synthesis/sdk/Examples/MAX78000/CNN/powernet/build/max20303.o
LOAD C:/Users/obuyukso/Desktop/AI8X/ai8x-synthesis/sdk/Examples/MAX78000/CNN/powernet/build/max9867.o
LOAD C:/Users/obuyukso/Desktop/AI8X/ai8x-synthesis/sdk/Examples/MAX78000/CNN/powernet/build/startup_max78000.o
LOAD C:/Users/obuyukso/Desktop/AI8X/ai8x-synthesis/sdk/Examples/MAX78000/CNN/powernet/build/heap.o
LOAD C:/Users/obuyukso/Desktop/AI8X/ai8x-synthesis/sdk/Examples/MAX78000/CNN/powernet/build/system_max78000.o
START GROUP
LOAD C:/MaximSDK/Libraries/PeriphDrivers/bin/MAX78000/softfp/libPeriphDriver_softfp.a
LOAD c:/maximsdk/tools/gnutools/10.3/bin/../lib/gcc/arm-none-eabi/10.3.1/../../../../arm-none-eabi/lib/thumb/v7e-m+fp/softfp\libc.a
LOAD c:/maximsdk/tools/gnutools/10.3/bin/../lib/gcc/arm-none-eabi/10.3.1/../../../../arm-none-eabi/lib/thumb/v7e-m+fp/softfp\libm.a
LOAD c:/maximsdk/tools/gnutools/10.3/bin/../lib/gcc/arm-none-eabi/10.3.1/../../../../arm-none-eabi/lib/thumb/v7e-m+fp/softfp\libnosys.a
END GROUP
START GROUP
LOAD c:/maximsdk/tools/gnutools/10.3/bin/../lib/gcc/arm-none-eabi/10.3.1/thumb/v7e-m+fp/softfp\libgcc.a
LOAD c:/maximsdk/tools/gnutools/10.3/bin/../lib/gcc/arm-none-eabi/10.3.1/../../../../arm-none-eabi/lib/thumb/v7e-m+fp/softfp\libc.a
END GROUP
LOAD c:/maximsdk/tools/gnutools/10.3/bin/../lib/gcc/arm-none-eabi/10.3.1/thumb/v7e-m+fp/softfp/crtend.o
LOAD c:/maximsdk/tools/gnutools/10.3/bin/../lib/gcc/arm-none-eabi/10.3.1/thumb/v7e-m+fp/softfp/crtn.o

.rom
 *(.rom_vector)
 *(.rom_handlers*)

.text           0x10000000     0xf63c
                0x10000000                _text = .
 *(.isr_vector)
 .isr_vector    0x10000000      0x1e0 C:/Users/obuyukso/Desktop/AI8X/ai8x-synthesis/sdk/Examples/MAX78000/CNN/powernet/build/startup_max78000.o
                0x10000000                __isr_vector
 *(.text*)
 .text          0x100001e0       0x40 c:/maximsdk/tools/gnutools/10.3/bin/../lib/gcc/arm-none-eabi/10.3.1/thumb/v7e-m+fp/softfp/crtbegin.o
 .text.fail     0x10000220       0x10 C:/Users/obuyukso/Desktop/AI8X/ai8x-synthesis/sdk/Examples/MAX78000/CNN/powernet/build/main.o
                0x10000220                fail
 .text.check_output
                0x10000230       0x34 C:/Users/obuyukso/Desktop/AI8X/ai8x-synthesis/sdk/Examples/MAX78000/CNN/powernet/build/main.o
                0x10000230                check_output
 .text.startup.main
                0x10000264       0xb8 C:/Users/obuyukso/Desktop/AI8X/ai8x-synthesis/sdk/Examples/MAX78000/CNN/powernet/build/main.o
                0x10000264                main
 .text.CNN_ISR  0x1000031c       0x50 C:/Users/obuyukso/Desktop/AI8X/ai8x-synthesis/sdk/Examples/MAX78000/CNN/powernet/build/cnn.o
                0x1000031c                CNN_ISR
 .text.memcpy32
                0x1000036c       0x1c C:/Users/obuyukso/Desktop/AI8X/ai8x-synthesis/sdk/Examples/MAX78000/CNN/powernet/build/cnn.o
                0x1000036c                memcpy32
 .text.cnn_load_weights
                0x10000388       0x4c C:/Users/obuyukso/Desktop/AI8X/ai8x-synthesis/sdk/Examples/MAX78000/CNN/powernet/build/cnn.o
                0x10000388                cnn_load_weights
 .text.cnn_load_bias
                0x100003d4       0x74 C:/Users/obuyukso/Desktop/AI8X/ai8x-synthesis/sdk/Examples/MAX78000/CNN/powernet/build/cnn.o
                0x100003d4                cnn_load_bias
 .text.cnn_init
                0x10000448       0x54 C:/Users/obuyukso/Desktop/AI8X/ai8x-synthesis/sdk/Examples/MAX78000/CNN/powernet/build/cnn.o
                0x10000448                cnn_init
 .text.cnn_configure
                0x1000049c      0x380 C:/Users/obuyukso/Desktop/AI8X/ai8x-synthesis/sdk/Examples/MAX78000/CNN/powernet/build/cnn.o
                0x1000049c                cnn_configure
 .text.cnn_start
                0x1000081c       0x54 C:/Users/obuyukso/Desktop/AI8X/ai8x-synthesis/sdk/Examples/MAX78000/CNN/powernet/build/cnn.o
                0x1000081c                cnn_start
 .text.cnn_unload
                0x10000870       0x10 C:/Users/obuyukso/Desktop/AI8X/ai8x-synthesis/sdk/Examples/MAX78000/CNN/powernet/build/cnn.o
                0x10000870                cnn_unload
 .text.cnn_enable
                0x10000880       0x3c C:/Users/obuyukso/Desktop/AI8X/ai8x-synthesis/sdk/Examples/MAX78000/CNN/powernet/build/cnn.o
                0x10000880                cnn_enable
 .text.cnn_disable
                0x100008bc       0x28 C:/Users/obuyukso/Desktop/AI8X/ai8x-synthesis/sdk/Examples/MAX78000/CNN/powernet/build/cnn.o
                0x100008bc                cnn_disable
 .text.mxc_assert
                0x100008e4       0x10 C:/Users/obuyukso/Desktop/AI8X/ai8x-synthesis/sdk/Examples/MAX78000/CNN/powernet/build/board.o
                0x100008e4                mxc_assert
 .text.Board_Init
                0x100008f4       0x6c C:/Users/obuyukso/Desktop/AI8X/ai8x-synthesis/sdk/Examples/MAX78000/CNN/powernet/build/board.o
                0x100008f4                Board_Init
 .text.NMI_Handler
                0x10000960        0x4 C:/Users/obuyukso/Desktop/AI8X/ai8x-synthesis/sdk/Examples/MAX78000/CNN/powernet/build/board.o
                0x10000960                NMI_Handler
 .text._close   0x10000964        0x8 C:/Users/obuyukso/Desktop/AI8X/ai8x-synthesis/sdk/Examples/MAX78000/CNN/powernet/build/stdio.o
                0x10000964                _close
 .text._isatty  0x1000096c        0x8 C:/Users/obuyukso/Desktop/AI8X/ai8x-synthesis/sdk/Examples/MAX78000/CNN/powernet/build/stdio.o
                0x1000096c                _isatty
 .text._lseek   0x10000974        0x8 C:/Users/obuyukso/Desktop/AI8X/ai8x-synthesis/sdk/Examples/MAX78000/CNN/powernet/build/stdio.o
                0x10000974                _lseek
 .text._fstat   0x1000097c        0x8 C:/Users/obuyukso/Desktop/AI8X/ai8x-synthesis/sdk/Examples/MAX78000/CNN/powernet/build/stdio.o
                0x1000097c                _fstat
 .text._read    0x10000984       0x50 C:/Users/obuyukso/Desktop/AI8X/ai8x-synthesis/sdk/Examples/MAX78000/CNN/powernet/build/stdio.o
                0x10000984                _read
 .text._write   0x100009d4       0x54 C:/Users/obuyukso/Desktop/AI8X/ai8x-synthesis/sdk/Examples/MAX78000/CNN/powernet/build/stdio.o
                0x100009d4                _write
 .text.LED_Init
                0x10000a28       0x40 C:/Users/obuyukso/Desktop/AI8X/ai8x-synthesis/sdk/Examples/MAX78000/CNN/powernet/build/led.o
                0x10000a28                LED_Init
 .text.LED_On   0x10000a68       0x40 C:/Users/obuyukso/Desktop/AI8X/ai8x-synthesis/sdk/Examples/MAX78000/CNN/powernet/build/led.o
                0x10000a68                LED_On
 .text.LED_Off  0x10000aa8       0x40 C:/Users/obuyukso/Desktop/AI8X/ai8x-synthesis/sdk/Examples/MAX78000/CNN/powernet/build/led.o
                0x10000aa8                LED_Off
 .text.PB_Init  0x10000ae8       0x38 C:/Users/obuyukso/Desktop/AI8X/ai8x-synthesis/sdk/Examples/MAX78000/CNN/powernet/build/pb.o
                0x10000ae8                PB_Init
 .text.GPIO0_IRQHandler
                0x10000b20        0x8 C:/Users/obuyukso/Desktop/AI8X/ai8x-synthesis/sdk/Examples/MAX78000/CNN/powernet/build/pb.o
                0x10000b20                GPIO0_IRQHandler
 .text.GPIO1_IRQHandler
                0x10000b28        0x8 C:/Users/obuyukso/Desktop/AI8X/ai8x-synthesis/sdk/Examples/MAX78000/CNN/powernet/build/pb.o
                0x10000b28                GPIO1_IRQHandler
 .text.GPIO2_IRQHandler
                0x10000b30        0x8 C:/Users/obuyukso/Desktop/AI8X/ai8x-synthesis/sdk/Examples/MAX78000/CNN/powernet/build/pb.o
                0x10000b30                GPIO2_IRQHandler
 .text          0x10000b38      0x148 C:/Users/obuyukso/Desktop/AI8X/ai8x-synthesis/sdk/Examples/MAX78000/CNN/powernet/build/startup_max78000.o
                0x10000b38                Reset_Handler
                0x10000b76                HardFault_Handler
                0x10000b78                MemManage_Handler
                0x10000b7a                BusFault_Handler
                0x10000b7c                UsageFault_Handler
                0x10000b7e                SVC_Handler
                0x10000b80                DebugMon_Handler
                0x10000b82                PendSV_Handler
                0x10000b84                SysTick_Handler
                0x10000b86                Default_Handler
                0x10000b88                PF_IRQHandler
                0x10000b8a                WDT0_IRQHandler
                0x10000b8c                RSV02_IRQHandler
                0x10000b8e                RTC_IRQHandler
                0x10000b90                TRNG_IRQHandler
                0x10000b92                TMR0_IRQHandler
                0x10000b94                TMR1_IRQHandler
                0x10000b96                TMR2_IRQHandler
                0x10000b98                TMR3_IRQHandler
                0x10000b9a                TMR4_IRQHandler
                0x10000b9c                TMR5_IRQHandler
                0x10000b9e                RSV11_IRQHandler
                0x10000ba0                RSV12_IRQHandler
                0x10000ba2                I2C0_IRQHandler
                0x10000ba4                UART0_IRQHandler
                0x10000ba6                UART1_IRQHandler
                0x10000ba8                SPI1_IRQHandler
                0x10000baa                RSV17_IRQHandler
                0x10000bac                RSV18_IRQHandler
                0x10000bae                RSV19_IRQHandler
                0x10000bb0                ADC_IRQHandler
                0x10000bb2                RSV21_IRQHandler
                0x10000bb4                RSV22_IRQHandler
                0x10000bb6                FLC0_IRQHandler
                0x10000bbe                RSV27_IRQHandler
                0x10000bc0                DMA0_IRQHandler
                0x10000bc2                DMA1_IRQHandler
                0x10000bc4                DMA2_IRQHandler
                0x10000bc6                DMA3_IRQHandler
                0x10000bc8                RSV32_IRQHandler
                0x10000bca                RSV33_IRQHandler
                0x10000bcc                UART2_IRQHandler
                0x10000bce                RSV35_IRQHandler
                0x10000bd0                I2C1_IRQHandler
                0x10000bd2                RSV37_IRQHandler
                0x10000bd4                RSV38_IRQHandler
                0x10000bd6                RSV39_IRQHandler
                0x10000bd8                RSV40_IRQHandler
                0x10000bda                RSV41_IRQHandler
                0x10000bdc                RSV42_IRQHandler
                0x10000bde                RSV43_IRQHandler
                0x10000be0                RSV44_IRQHandler
                0x10000be2                RSV45_IRQHandler
                0x10000be4                RSV46_IRQHandler
                0x10000be6                RSV47_IRQHandler
                0x10000be8                RSV48_IRQHandler
                0x10000bea                RSV49_IRQHandler
                0x10000bec                RSV50_IRQHandler
                0x10000bee                RSV51_IRQHandler
                0x10000bf0                RSV52_IRQHandler
                0x10000bf2                WUT_IRQHandler
                0x10000bf4                GPIOWAKE_IRQHandler
                0x10000bf6                RSV55_IRQHandler
                0x10000bf8                SPI0_IRQHandler
                0x10000bfa                WDT1_IRQHandler
                0x10000bfc                RSV58_IRQHandler
                0x10000bfe                PT_IRQHandler
                0x10000c00                RSV60_IRQHandler
                0x10000c02                RSV61_IRQHandler
                0x10000c04                I2C2_IRQHandler
                0x10000c06                RISCV_IRQHandler
                0x10000c08                RSV64_IRQHandler
                0x10000c0a                RSV65_IRQHandler
                0x10000c0c                RSV66_IRQHandler
                0x10000c0e                OWM_IRQHandler
                0x10000c10                RSV68_IRQHandler
                0x10000c12                RSV69_IRQHandler
                0x10000c14                RSV70_IRQHandler
                0x10000c16                RSV71_IRQHandler
                0x10000c18                RSV72_IRQHandler
                0x10000c1a                RSV73_IRQHandler
                0x10000c1c                RSV74_IRQHandler
                0x10000c1e                RSV75_IRQHandler
                0x10000c20                RSV76_IRQHandler
                0x10000c22                RSV77_IRQHandler
                0x10000c24                RSV78_IRQHandler
                0x10000c26                RSV79_IRQHandler
                0x10000c28                RSV80_IRQHandler
                0x10000c2a                RSV81_IRQHandler
                0x10000c2c                ECC_IRQHandler
                0x10000c2e                DVS_IRQHandler
                0x10000c30                SIMO_IRQHandler
                0x10000c32                RSV85_IRQHandler
                0x10000c34                RSV86_IRQHandler
                0x10000c36                RSV87_IRQHandler
                0x10000c38                UART3_IRQHandler
                0x10000c3a                RSV89_IRQHandler
                0x10000c3c                RSV90_IRQHandler
                0x10000c3e                PCIF_IRQHandler
                0x10000c40                RSV92_IRQHandler
                0x10000c42                RSV93_IRQHandler
                0x10000c44                RSV94_IRQHandler
                0x10000c46                RSV95_IRQHandler
                0x10000c48                RSV96_IRQHandler
                0x10000c4a                AES_IRQHandler
                0x10000c4c                RSV98_IRQHandler
                0x10000c4e                I2S_IRQHandler
                0x10000c50                CNN_FIFO_IRQHandler
                0x10000c52                CNN_IRQHandler
                0x10000c54                RSV102_IRQHandler
                0x10000c56                LPCMP_IRQHandler
 .text._sbrk    0x10000c80       0x3c C:/Users/obuyukso/Desktop/AI8X/ai8x-synthesis/sdk/Examples/MAX78000/CNN/powernet/build/heap.o
                0x10000c80                _sbrk
 .text.SystemCoreClockUpdate
                0x10000cbc       0x68 C:/Users/obuyukso/Desktop/AI8X/ai8x-synthesis/sdk/Examples/MAX78000/CNN/powernet/build/system_max78000.o
                0x10000cbc                SystemCoreClockUpdate
 .text.PreInit  0x10000d24        0x4 C:/Users/obuyukso/Desktop/AI8X/ai8x-synthesis/sdk/Examples/MAX78000/CNN/powernet/build/system_max78000.o
                0x10000d24                PreInit
 .text.SystemInit
                0x10000d28       0x38 C:/Users/obuyukso/Desktop/AI8X/ai8x-synthesis/sdk/Examples/MAX78000/CNN/powernet/build/system_max78000.o
                0x10000d28                SystemInit
 .text.MXC_DelayInit
                0x10000d60       0x7c C:/MaximSDK/Libraries/PeriphDrivers/bin/MAX78000/softfp/libPeriphDriver_softfp.a(mxc_delay.o)
 .text.MXC_DelayAsync
                0x10000ddc       0x3c C:/MaximSDK/Libraries/PeriphDrivers/bin/MAX78000/softfp/libPeriphDriver_softfp.a(mxc_delay.o)
                0x10000ddc                MXC_DelayAsync
 .text.MXC_DelayCheck
                0x10000e18       0x70 C:/MaximSDK/Libraries/PeriphDrivers/bin/MAX78000/softfp/libPeriphDriver_softfp.a(mxc_delay.o)
                0x10000e18                MXC_DelayCheck
 .text.MXC_DelayAbort
                0x10000e88       0x34 C:/MaximSDK/Libraries/PeriphDrivers/bin/MAX78000/softfp/libPeriphDriver_softfp.a(mxc_delay.o)
                0x10000e88                MXC_DelayAbort
 .text.MXC_Delay
                0x10000ebc       0x74 C:/MaximSDK/Libraries/PeriphDrivers/bin/MAX78000/softfp/libPeriphDriver_softfp.a(mxc_delay.o)
                0x10000ebc                MXC_Delay
 .text.MXC_SYS_ClockDisable
                0x10000f30       0x44 C:/MaximSDK/Libraries/PeriphDrivers/bin/MAX78000/softfp/libPeriphDriver_softfp.a(sys_ai85.o)
                0x10000f30                MXC_SYS_ClockDisable
 .text.MXC_SYS_ClockEnable
                0x10000f74       0x4c C:/MaximSDK/Libraries/PeriphDrivers/bin/MAX78000/softfp/libPeriphDriver_softfp.a(sys_ai85.o)
                0x10000f74                MXC_SYS_ClockEnable
 .text.MXC_SYS_ClockSourceEnable
                0x10000fc0       0xec C:/MaximSDK/Libraries/PeriphDrivers/bin/MAX78000/softfp/libPeriphDriver_softfp.a(sys_ai85.o)
                0x10000fc0                MXC_SYS_ClockSourceEnable
 .text.MXC_SYS_Clock_Select
                0x100010ac      0x17c C:/MaximSDK/Libraries/PeriphDrivers/bin/MAX78000/softfp/libPeriphDriver_softfp.a(sys_ai85.o)
                0x100010ac                MXC_SYS_Clock_Select
 .text.MXC_SYS_Reset_Periph
                0x10001228       0x50 C:/MaximSDK/Libraries/PeriphDrivers/bin/MAX78000/softfp/libPeriphDriver_softfp.a(sys_ai85.o)
                0x10001228                MXC_SYS_Reset_Periph
 .text.MXC_NVIC_SetVector
                0x10001278       0x4c C:/MaximSDK/Libraries/PeriphDrivers/bin/MAX78000/softfp/libPeriphDriver_softfp.a(nvic_table.o)
                0x10001278                MXC_NVIC_SetVector
 .text.MXC_GPIO_Config
                0x100012c4      0x204 C:/MaximSDK/Libraries/PeriphDrivers/bin/MAX78000/softfp/libPeriphDriver_softfp.a(gpio_ai85.o)
                0x100012c4                MXC_GPIO_Config
 .text.MXC_GPIO_OutSet
                0x100014c8       0x34 C:/MaximSDK/Libraries/PeriphDrivers/bin/MAX78000/softfp/libPeriphDriver_softfp.a(gpio_ai85.o)
                0x100014c8                MXC_GPIO_OutSet
 .text.MXC_GPIO_OutClr
                0x100014fc       0x34 C:/MaximSDK/Libraries/PeriphDrivers/bin/MAX78000/softfp/libPeriphDriver_softfp.a(gpio_ai85.o)
                0x100014fc                MXC_GPIO_OutClr
 .text.MXC_GPIO_Handler
                0x10001530        0x4 C:/MaximSDK/Libraries/PeriphDrivers/bin/MAX78000/softfp/libPeriphDriver_softfp.a(gpio_ai85.o)
                0x10001530                MXC_GPIO_Handler
 .text.MXC_GPIO_ClearFlags
                0x10001534        0x4 C:/MaximSDK/Libraries/PeriphDrivers/bin/MAX78000/softfp/libPeriphDriver_softfp.a(gpio_ai85.o)
                0x10001534                MXC_GPIO_ClearFlags
 .text.MXC_GPIO_GetFlags
                0x10001538        0x4 C:/MaximSDK/Libraries/PeriphDrivers/bin/MAX78000/softfp/libPeriphDriver_softfp.a(gpio_ai85.o)
                0x10001538                MXC_GPIO_GetFlags
 .text.MXC_GPIO_RevA_OutSet
                0x1000153c        0x4 C:/MaximSDK/Libraries/PeriphDrivers/bin/MAX78000/softfp/libPeriphDriver_softfp.a(gpio_reva.o)
                0x1000153c                MXC_GPIO_RevA_OutSet
 .text.MXC_GPIO_RevA_OutClr
                0x10001540        0x4 C:/MaximSDK/Libraries/PeriphDrivers/bin/MAX78000/softfp/libPeriphDriver_softfp.a(gpio_reva.o)
                0x10001540                MXC_GPIO_RevA_OutClr
 .text.MXC_GPIO_RevA_ClearFlags
                0x10001544        0x4 C:/MaximSDK/Libraries/PeriphDrivers/bin/MAX78000/softfp/libPeriphDriver_softfp.a(gpio_reva.o)
                0x10001544                MXC_GPIO_RevA_ClearFlags
 .text.MXC_GPIO_RevA_GetFlags
                0x10001548        0x4 C:/MaximSDK/Libraries/PeriphDrivers/bin/MAX78000/softfp/libPeriphDriver_softfp.a(gpio_reva.o)
                0x10001548                MXC_GPIO_RevA_GetFlags
 .text.MXC_GPIO_RevA_SetVSSEL
                0x1000154c       0x30 C:/MaximSDK/Libraries/PeriphDrivers/bin/MAX78000/softfp/libPeriphDriver_softfp.a(gpio_reva.o)
                0x1000154c                MXC_GPIO_RevA_SetVSSEL
 .text.MXC_GPIO_RevA_SetAF
                0x1000157c       0x68 C:/MaximSDK/Libraries/PeriphDrivers/bin/MAX78000/softfp/libPeriphDriver_softfp.a(gpio_reva.o)
                0x1000157c                MXC_GPIO_RevA_SetAF
 .text.MXC_ICC_Enable
                0x100015e4        0x4 C:/MaximSDK/Libraries/PeriphDrivers/bin/MAX78000/softfp/libPeriphDriver_softfp.a(icc_me17.o)
                0x100015e4                MXC_ICC_Enable
 .text.MXC_ICC_RevA_Enable
                0x100015e8       0x30 C:/MaximSDK/Libraries/PeriphDrivers/bin/MAX78000/softfp/libPeriphDriver_softfp.a(icc_reva.o)
                0x100015e8                MXC_ICC_RevA_Enable
 .text.MXC_TMR_Init
                0x10001618      0x344 C:/MaximSDK/Libraries/PeriphDrivers/bin/MAX78000/softfp/libPeriphDriver_softfp.a(tmr_ai85.o)
                0x10001618                MXC_TMR_Init
 .text.MXC_TMR_Start
                0x1000195c        0x4 C:/MaximSDK/Libraries/PeriphDrivers/bin/MAX78000/softfp/libPeriphDriver_softfp.a(tmr_ai85.o)
                0x1000195c                MXC_TMR_Start
 .text.MXC_TMR_Stop
                0x10001960        0x4 C:/MaximSDK/Libraries/PeriphDrivers/bin/MAX78000/softfp/libPeriphDriver_softfp.a(tmr_ai85.o)
                0x10001960                MXC_TMR_Stop
 .text.MXC_TMR_ClearFlags
                0x10001964        0x4 C:/MaximSDK/Libraries/PeriphDrivers/bin/MAX78000/softfp/libPeriphDriver_softfp.a(tmr_ai85.o)
                0x10001964                MXC_TMR_ClearFlags
 .text.MXC_TMR_SetCount
                0x10001968        0x4 C:/MaximSDK/Libraries/PeriphDrivers/bin/MAX78000/softfp/libPeriphDriver_softfp.a(tmr_ai85.o)
                0x10001968                MXC_TMR_SetCount
 .text.MXC_TMR_TO_Start
                0x1000196c        0x4 C:/MaximSDK/Libraries/PeriphDrivers/bin/MAX78000/softfp/libPeriphDriver_softfp.a(tmr_ai85.o)
                0x1000196c                MXC_TMR_TO_Start
 .text.MXC_TMR_TO_Stop
                0x10001970        0x4 C:/MaximSDK/Libraries/PeriphDrivers/bin/MAX78000/softfp/libPeriphDriver_softfp.a(tmr_ai85.o)
                0x10001970                MXC_TMR_TO_Stop
 .text.MXC_TMR_TO_Elapsed
                0x10001974        0x4 C:/MaximSDK/Libraries/PeriphDrivers/bin/MAX78000/softfp/libPeriphDriver_softfp.a(tmr_ai85.o)
                0x10001974                MXC_TMR_TO_Elapsed
 .text.MXC_TMR_SW_Start
                0x10001978        0x4 C:/MaximSDK/Libraries/PeriphDrivers/bin/MAX78000/softfp/libPeriphDriver_softfp.a(tmr_ai85.o)
                0x10001978                MXC_TMR_SW_Start
 .text.MXC_TMR_SW_Stop
                0x1000197c        0x4 C:/MaximSDK/Libraries/PeriphDrivers/bin/MAX78000/softfp/libPeriphDriver_softfp.a(tmr_ai85.o)
                0x1000197c                MXC_TMR_SW_Stop
 .text.MXC_TMR_GetTime
                0x10001980        0x4 C:/MaximSDK/Libraries/PeriphDrivers/bin/MAX78000/softfp/libPeriphDriver_softfp.a(tmr_ai85.o)
                0x10001980                MXC_TMR_GetTime
 .text.MXC_TMR_RevB_ConfigGeneric
                0x10001984       0xe8 C:/MaximSDK/Libraries/PeriphDrivers/bin/MAX78000/softfp/libPeriphDriver_softfp.a(tmr_revb.o)
                0x10001984                MXC_TMR_RevB_ConfigGeneric
 .text.MXC_TMR_RevB_Init
                0x10001a6c       0xc8 C:/MaximSDK/Libraries/PeriphDrivers/bin/MAX78000/softfp/libPeriphDriver_softfp.a(tmr_revb.o)
                0x10001a6c                MXC_TMR_RevB_Init
 .text.MXC_TMR_RevB_Start
                0x10001b34       0x5c C:/MaximSDK/Libraries/PeriphDrivers/bin/MAX78000/softfp/libPeriphDriver_softfp.a(tmr_revb.o)
                0x10001b34                MXC_TMR_RevB_Start
 .text.MXC_TMR_RevB_Stop
                0x10001b90       0x58 C:/MaximSDK/Libraries/PeriphDrivers/bin/MAX78000/softfp/libPeriphDriver_softfp.a(tmr_revb.o)
                0x10001b90                MXC_TMR_RevB_Stop
 .text.MXC_TMR_RevB_ClearFlags
                0x10001be8       0x58 C:/MaximSDK/Libraries/PeriphDrivers/bin/MAX78000/softfp/libPeriphDriver_softfp.a(tmr_revb.o)
                0x10001be8                MXC_TMR_RevB_ClearFlags
 .text.MXC_TMR_RevB_SetCount
                0x10001c40       0x5c C:/MaximSDK/Libraries/PeriphDrivers/bin/MAX78000/softfp/libPeriphDriver_softfp.a(tmr_revb.o)
                0x10001c40                MXC_TMR_RevB_SetCount
 .text.MXC_TMR_RevB_TO_Start
                0x10001c9c       0xe4 C:/MaximSDK/Libraries/PeriphDrivers/bin/MAX78000/softfp/libPeriphDriver_softfp.a(tmr_revb.o)
                0x10001c9c                MXC_TMR_RevB_TO_Start
 .text.MXC_TMR_RevB_GetTime
                0x10001d80      0x138 C:/MaximSDK/Libraries/PeriphDrivers/bin/MAX78000/softfp/libPeriphDriver_softfp.a(tmr_revb.o)
                0x10001d80                MXC_TMR_RevB_GetTime
 .text.MXC_UART_Shutdown
                0x10001eb8       0x70 C:/MaximSDK/Libraries/PeriphDrivers/bin/MAX78000/softfp/libPeriphDriver_softfp.a(uart_ai85.o)
                0x10001eb8                MXC_UART_Shutdown
 .text.MXC_UART_Init
                0x10001f28       0xb8 C:/MaximSDK/Libraries/PeriphDrivers/bin/MAX78000/softfp/libPeriphDriver_softfp.a(uart_ai85.o)
                0x10001f28                MXC_UART_Init
 .text.MXC_UART_SetFrequency
                0x10001fe0       0xcc C:/MaximSDK/Libraries/PeriphDrivers/bin/MAX78000/softfp/libPeriphDriver_softfp.a(uart_ai85.o)
                0x10001fe0                MXC_UART_SetFrequency
 .text.MXC_UART_GetFrequency
                0x100020ac       0x54 C:/MaximSDK/Libraries/PeriphDrivers/bin/MAX78000/softfp/libPeriphDriver_softfp.a(uart_ai85.o)
                0x100020ac                MXC_UART_GetFrequency
 .text.MXC_UART_SetDataSize
                0x10002100        0x4 C:/MaximSDK/Libraries/PeriphDrivers/bin/MAX78000/softfp/libPeriphDriver_softfp.a(uart_ai85.o)
                0x10002100                MXC_UART_SetDataSize
 .text.MXC_UART_SetStopBits
                0x10002104        0x4 C:/MaximSDK/Libraries/PeriphDrivers/bin/MAX78000/softfp/libPeriphDriver_softfp.a(uart_ai85.o)
                0x10002104                MXC_UART_SetStopBits
 .text.MXC_UART_SetParity
                0x10002108        0x4 C:/MaximSDK/Libraries/PeriphDrivers/bin/MAX78000/softfp/libPeriphDriver_softfp.a(uart_ai85.o)
                0x10002108                MXC_UART_SetParity
 .text.MXC_UART_ReadCharacterRaw
                0x1000210c        0x4 C:/MaximSDK/Libraries/PeriphDrivers/bin/MAX78000/softfp/libPeriphDriver_softfp.a(uart_ai85.o)
                0x1000210c                MXC_UART_ReadCharacterRaw
 .text.MXC_UART_WriteCharacterRaw
                0x10002110        0x4 C:/MaximSDK/Libraries/PeriphDrivers/bin/MAX78000/softfp/libPeriphDriver_softfp.a(uart_ai85.o)
                0x10002110                MXC_UART_WriteCharacterRaw
 .text.MXC_UART_ReadCharacter
                0x10002114        0x4 C:/MaximSDK/Libraries/PeriphDrivers/bin/MAX78000/softfp/libPeriphDriver_softfp.a(uart_ai85.o)
                0x10002114                MXC_UART_ReadCharacter
 .text.MXC_UART_WriteCharacter
                0x10002118        0x4 C:/MaximSDK/Libraries/PeriphDrivers/bin/MAX78000/softfp/libPeriphDriver_softfp.a(uart_ai85.o)
                0x10002118                MXC_UART_WriteCharacter
 .text.MXC_UART_GetRXFIFOAvailable
                0x1000211c        0x4 C:/MaximSDK/Libraries/PeriphDrivers/bin/MAX78000/softfp/libPeriphDriver_softfp.a(uart_ai85.o)
                0x1000211c                MXC_UART_GetRXFIFOAvailable
 .text.MXC_UART_GetTXFIFOAvailable
                0x10002120        0x4 C:/MaximSDK/Libraries/PeriphDrivers/bin/MAX78000/softfp/libPeriphDriver_softfp.a(uart_ai85.o)
                0x10002120                MXC_UART_GetTXFIFOAvailable
 .text.MXC_UART_SetRXThreshold
                0x10002124        0x4 C:/MaximSDK/Libraries/PeriphDrivers/bin/MAX78000/softfp/libPeriphDriver_softfp.a(uart_ai85.o)
                0x10002124                MXC_UART_SetRXThreshold
 .text.MXC_UART_Common_ReadCharacter
                0x10002128       0x18 C:/MaximSDK/Libraries/PeriphDrivers/bin/MAX78000/softfp/libPeriphDriver_softfp.a(uart_common.o)
                0x10002128                MXC_UART_Common_ReadCharacter
 .text.MXC_UART_Common_WriteCharacter
                0x10002140       0x1c C:/MaximSDK/Libraries/PeriphDrivers/bin/MAX78000/softfp/libPeriphDriver_softfp.a(uart_common.o)
                0x10002140                MXC_UART_Common_WriteCharacter
 .text.MXC_UART_RevB_Init
                0x1000215c       0x70 C:/MaximSDK/Libraries/PeriphDrivers/bin/MAX78000/softfp/libPeriphDriver_softfp.a(uart_revb.o)
                0x1000215c                MXC_UART_RevB_Init
 .text.MXC_UART_RevB_SetFrequency
                0x100021cc       0x9c C:/MaximSDK/Libraries/PeriphDrivers/bin/MAX78000/softfp/libPeriphDriver_softfp.a(uart_revb.o)
                0x100021cc                MXC_UART_RevB_SetFrequency
 .text.MXC_UART_RevB_GetFrequency
                0x10002268       0x7c C:/MaximSDK/Libraries/PeriphDrivers/bin/MAX78000/softfp/libPeriphDriver_softfp.a(uart_revb.o)
                0x10002268                MXC_UART_RevB_GetFrequency
 .text.MXC_UART_RevB_SetDataSize
                0x100022e4       0x40 C:/MaximSDK/Libraries/PeriphDrivers/bin/MAX78000/softfp/libPeriphDriver_softfp.a(uart_revb.o)
                0x100022e4                MXC_UART_RevB_SetDataSize
 .text.MXC_UART_RevB_SetStopBits
                0x10002324       0x4c C:/MaximSDK/Libraries/PeriphDrivers/bin/MAX78000/softfp/libPeriphDriver_softfp.a(uart_revb.o)
                0x10002324                MXC_UART_RevB_SetStopBits
 .text.MXC_UART_RevB_SetParity
                0x10002370       0xb4 C:/MaximSDK/Libraries/PeriphDrivers/bin/MAX78000/softfp/libPeriphDriver_softfp.a(uart_revb.o)
                0x10002370                MXC_UART_RevB_SetParity
 .text.MXC_UART_RevB_ReadCharacterRaw
                0x10002424       0x38 C:/MaximSDK/Libraries/PeriphDrivers/bin/MAX78000/softfp/libPeriphDriver_softfp.a(uart_revb.o)
                0x10002424                MXC_UART_RevB_ReadCharacterRaw
 .text.MXC_UART_RevB_WriteCharacterRaw
                0x1000245c       0x3c C:/MaximSDK/Libraries/PeriphDrivers/bin/MAX78000/softfp/libPeriphDriver_softfp.a(uart_revb.o)
                0x1000245c                MXC_UART_RevB_WriteCharacterRaw
 .text.MXC_UART_RevB_GetRXFIFOAvailable
                0x10002498        0x8 C:/MaximSDK/Libraries/PeriphDrivers/bin/MAX78000/softfp/libPeriphDriver_softfp.a(uart_revb.o)
                0x10002498                MXC_UART_RevB_GetRXFIFOAvailable
 .text.MXC_UART_RevB_GetTXFIFOAvailable
                0x100024a0        0xc C:/MaximSDK/Libraries/PeriphDrivers/bin/MAX78000/softfp/libPeriphDriver_softfp.a(uart_revb.o)
                0x100024a0                MXC_UART_RevB_GetTXFIFOAvailable
 .text.MXC_UART_RevB_SetRXThreshold
                0x100024ac       0x40 C:/MaximSDK/Libraries/PeriphDrivers/bin/MAX78000/softfp/libPeriphDriver_softfp.a(uart_revb.o)
                0x100024ac                MXC_UART_RevB_SetRXThreshold
 .text.MXC_GPIO_Common_Init
                0x100024ec       0x24 C:/MaximSDK/Libraries/PeriphDrivers/bin/MAX78000/softfp/libPeriphDriver_softfp.a(gpio_common.o)
                0x100024ec                MXC_GPIO_Common_Init
 .text.MXC_GPIO_Common_Handler
                0x10002510       0x88 C:/MaximSDK/Libraries/PeriphDrivers/bin/MAX78000/softfp/libPeriphDriver_softfp.a(gpio_common.o)
                0x10002510                MXC_GPIO_Common_Handler
 .text.MXC_TMR_Common_TO_Stop
                0x10002598       0x14 C:/MaximSDK/Libraries/PeriphDrivers/bin/MAX78000/softfp/libPeriphDriver_softfp.a(tmr_common.o)
                0x10002598                MXC_TMR_Common_TO_Stop
 .text.MXC_TMR_Common_SW_Start
                0x100025ac        0x8 C:/MaximSDK/Libraries/PeriphDrivers/bin/MAX78000/softfp/libPeriphDriver_softfp.a(tmr_common.o)
                0x100025ac                MXC_TMR_Common_SW_Start
 .text.MXC_TMR_Common_SW_Stop
                0x100025b4       0x14 C:/MaximSDK/Libraries/PeriphDrivers/bin/MAX78000/softfp/libPeriphDriver_softfp.a(tmr_common.o)
                0x100025b4                MXC_TMR_Common_SW_Stop
 .text.MXC_TMR_Common_TO_Elapsed
                0x100025c8       0x54 C:/MaximSDK/Libraries/PeriphDrivers/bin/MAX78000/softfp/libPeriphDriver_softfp.a(tmr_common.o)
                0x100025c8                MXC_TMR_Common_TO_Elapsed
 .text.__errno  0x1000261c        0xc c:/maximsdk/tools/gnutools/10.3/bin/../lib/gcc/arm-none-eabi/10.3.1/../../../../arm-none-eabi/lib/thumb/v7e-m+fp/softfp\libc.a(lib_a-errno.o)
                0x1000261c                __errno
 .text.__libc_init_array
                0x10002628       0x48 c:/maximsdk/tools/gnutools/10.3/bin/../lib/gcc/arm-none-eabi/10.3.1/../../../../arm-none-eabi/lib/thumb/v7e-m+fp/softfp\libc.a(lib_a-init.o)
                0x10002628                __libc_init_array
 .text._malloc_r
                0x10002670      0x560 c:/maximsdk/tools/gnutools/10.3/bin/../lib/gcc/arm-none-eabi/10.3.1/../../../../arm-none-eabi/lib/thumb/v7e-m+fp/softfp\libc.a(lib_a-mallocr.o)
                0x10002670                _malloc_r
 .text          0x10002bd0      0x134 c:/maximsdk/tools/gnutools/10.3/bin/../lib/gcc/arm-none-eabi/10.3.1/../../../../arm-none-eabi/lib/thumb/v7e-m+fp/softfp\libc.a(lib_a-memcpy.o)
                0x10002bd0                memcpy
 .text.memset   0x10002d04       0xa4 c:/maximsdk/tools/gnutools/10.3/bin/../lib/gcc/arm-none-eabi/10.3.1/../../../../arm-none-eabi/lib/thumb/v7e-m+fp/softfp\libc.a(lib_a-memset.o)
                0x10002d04                memset
 .text.__malloc_lock
                0x10002da8        0xc c:/maximsdk/tools/gnutools/10.3/bin/../lib/gcc/arm-none-eabi/10.3.1/../../../../arm-none-eabi/lib/thumb/v7e-m+fp/softfp\libc.a(lib_a-mlock.o)
                0x10002da8                __malloc_lock
 .text.__malloc_unlock
                0x10002db4        0xc c:/maximsdk/tools/gnutools/10.3/bin/../lib/gcc/arm-none-eabi/10.3.1/../../../../arm-none-eabi/lib/thumb/v7e-m+fp/softfp\libc.a(lib_a-mlock.o)
                0x10002db4                __malloc_unlock
 .text.printf   0x10002dc0       0x28 c:/maximsdk/tools/gnutools/10.3/bin/../lib/gcc/arm-none-eabi/10.3.1/../../../../arm-none-eabi/lib/thumb/v7e-m+fp/softfp\libc.a(lib_a-printf.o)
                0x10002dc0                printf
 .text._puts_r  0x10002de8       0x9c c:/maximsdk/tools/gnutools/10.3/bin/../lib/gcc/arm-none-eabi/10.3.1/../../../../arm-none-eabi/lib/thumb/v7e-m+fp/softfp\libc.a(lib_a-puts.o)
                0x10002de8                _puts_r
 .text.puts     0x10002e84       0x10 c:/maximsdk/tools/gnutools/10.3/bin/../lib/gcc/arm-none-eabi/10.3.1/../../../../arm-none-eabi/lib/thumb/v7e-m+fp/softfp\libc.a(lib_a-puts.o)
                0x10002e84                puts
 .text._sbrk_r  0x10002e94       0x24 c:/maximsdk/tools/gnutools/10.3/bin/../lib/gcc/arm-none-eabi/10.3.1/../../../../arm-none-eabi/lib/thumb/v7e-m+fp/softfp\libc.a(lib_a-sbrkr.o)
                0x10002e94                _sbrk_r
 *fill*         0x10002eb8        0x8 
 .text          0x10002ec0       0xdc c:/maximsdk/tools/gnutools/10.3/bin/../lib/gcc/arm-none-eabi/10.3.1/../../../../arm-none-eabi/lib/thumb/v7e-m+fp/softfp\libc.a(lib_a-strlen.o)
                0x10002ec0                strlen
 *fill*         0x10002f9c        0x4 
 .text._vfprintf_r
                0x10002fa0     0x1b8c c:/maximsdk/tools/gnutools/10.3/bin/../lib/gcc/arm-none-eabi/10.3.1/../../../../arm-none-eabi/lib/thumb/v7e-m+fp/softfp\libc.a(lib_a-vfprintf.o)
                0x10002fa0                _vfprintf_r
 .text.__sbprintf
                0x10004b2c       0x80 c:/maximsdk/tools/gnutools/10.3/bin/../lib/gcc/arm-none-eabi/10.3.1/../../../../arm-none-eabi/lib/thumb/v7e-m+fp/softfp\libc.a(lib_a-vfprintf.o)
 .text.__swsetup_r
                0x10004bac       0xd4 c:/maximsdk/tools/gnutools/10.3/bin/../lib/gcc/arm-none-eabi/10.3.1/../../../../arm-none-eabi/lib/thumb/v7e-m+fp/softfp\libc.a(lib_a-wsetup.o)
                0x10004bac                __swsetup_r
 .text.startup.register_fini
                0x10004c80       0x14 c:/maximsdk/tools/gnutools/10.3/bin/../lib/gcc/arm-none-eabi/10.3.1/../../../../arm-none-eabi/lib/thumb/v7e-m+fp/softfp\libc.a(lib_a-__call_atexit.o)
 .text.atexit   0x10004c94        0xc c:/maximsdk/tools/gnutools/10.3/bin/../lib/gcc/arm-none-eabi/10.3.1/../../../../arm-none-eabi/lib/thumb/v7e-m+fp/softfp\libc.a(lib_a-atexit.o)
                0x10004c94                atexit
 .text.quorem   0x10004ca0      0x128 c:/maximsdk/tools/gnutools/10.3/bin/../lib/gcc/arm-none-eabi/10.3.1/../../../../arm-none-eabi/lib/thumb/v7e-m+fp/softfp\libc.a(lib_a-dtoa.o)
 .text._dtoa_r  0x10004dc8      0xf34 c:/maximsdk/tools/gnutools/10.3/bin/../lib/gcc/arm-none-eabi/10.3.1/../../../../arm-none-eabi/lib/thumb/v7e-m+fp/softfp\libc.a(lib_a-dtoa.o)
                0x10004dc8                _dtoa_r
 .text.__sflush_r
                0x10005cfc      0x130 c:/maximsdk/tools/gnutools/10.3/bin/../lib/gcc/arm-none-eabi/10.3.1/../../../../arm-none-eabi/lib/thumb/v7e-m+fp/softfp\libc.a(lib_a-fflush.o)
                0x10005cfc                __sflush_r
 .text._fflush_r
                0x10005e2c       0x5c c:/maximsdk/tools/gnutools/10.3/bin/../lib/gcc/arm-none-eabi/10.3.1/../../../../arm-none-eabi/lib/thumb/v7e-m+fp/softfp\libc.a(lib_a-fflush.o)
                0x10005e2c                _fflush_r
 .text._cleanup_r
                0x10005e88        0xc c:/maximsdk/tools/gnutools/10.3/bin/../lib/gcc/arm-none-eabi/10.3.1/../../../../arm-none-eabi/lib/thumb/v7e-m+fp/softfp\libc.a(lib_a-findfp.o)
                0x10005e88                _cleanup_r
 .text.__sinit  0x10005e94      0x10c c:/maximsdk/tools/gnutools/10.3/bin/../lib/gcc/arm-none-eabi/10.3.1/../../../../arm-none-eabi/lib/thumb/v7e-m+fp/softfp\libc.a(lib_a-findfp.o)
                0x10005e94                __sinit
 .text.__sfp_lock_acquire
                0x10005fa0        0xc c:/maximsdk/tools/gnutools/10.3/bin/../lib/gcc/arm-none-eabi/10.3.1/../../../../arm-none-eabi/lib/thumb/v7e-m+fp/softfp\libc.a(lib_a-findfp.o)
                0x10005fa0                __sfp_lock_acquire
 .text.__sfp_lock_release
                0x10005fac        0xc c:/maximsdk/tools/gnutools/10.3/bin/../lib/gcc/arm-none-eabi/10.3.1/../../../../arm-none-eabi/lib/thumb/v7e-m+fp/softfp\libc.a(lib_a-findfp.o)
                0x10005fac                __sfp_lock_release
 .text.__libc_fini_array
                0x10005fb8       0x2c c:/maximsdk/tools/gnutools/10.3/bin/../lib/gcc/arm-none-eabi/10.3.1/../../../../arm-none-eabi/lib/thumb/v7e-m+fp/softfp\libc.a(lib_a-fini.o)
                0x10005fb8                __libc_fini_array
 .text._malloc_trim_r
                0x10005fe4       0xa0 c:/maximsdk/tools/gnutools/10.3/bin/../lib/gcc/arm-none-eabi/10.3.1/../../../../arm-none-eabi/lib/thumb/v7e-m+fp/softfp\libc.a(lib_a-freer.o)
                0x10005fe4                _malloc_trim_r
 .text._free_r  0x10006084      0x20c c:/maximsdk/tools/gnutools/10.3/bin/../lib/gcc/arm-none-eabi/10.3.1/../../../../arm-none-eabi/lib/thumb/v7e-m+fp/softfp\libc.a(lib_a-freer.o)
                0x10006084                _free_r
 .text.__sfvwrite_r
                0x10006290      0x2f0 c:/maximsdk/tools/gnutools/10.3/bin/../lib/gcc/arm-none-eabi/10.3.1/../../../../arm-none-eabi/lib/thumb/v7e-m+fp/softfp\libc.a(lib_a-fvwrite.o)
                0x10006290                __sfvwrite_r
 .text._fwalk_reent
                0x10006580       0x48 c:/maximsdk/tools/gnutools/10.3/bin/../lib/gcc/arm-none-eabi/10.3.1/../../../../arm-none-eabi/lib/thumb/v7e-m+fp/softfp\libc.a(lib_a-fwalk.o)
                0x10006580                _fwalk_reent
 .text._localeconv_r
                0x100065c8        0x8 c:/maximsdk/tools/gnutools/10.3/bin/../lib/gcc/arm-none-eabi/10.3.1/../../../../arm-none-eabi/lib/thumb/v7e-m+fp/softfp\libc.a(lib_a-localeconv.o)
                0x100065c8                _localeconv_r
 .text.__retarget_lock_init_recursive
                0x100065d0        0x4 c:/maximsdk/tools/gnutools/10.3/bin/../lib/gcc/arm-none-eabi/10.3.1/../../../../arm-none-eabi/lib/thumb/v7e-m+fp/softfp\libc.a(lib_a-lock.o)
                0x100065d0                __retarget_lock_init_recursive
 .text.__retarget_lock_close_recursive
                0x100065d4        0x4 c:/maximsdk/tools/gnutools/10.3/bin/../lib/gcc/arm-none-eabi/10.3.1/../../../../arm-none-eabi/lib/thumb/v7e-m+fp/softfp\libc.a(lib_a-lock.o)
                0x100065d4                __retarget_lock_close_recursive
 .text.__retarget_lock_acquire_recursive
                0x100065d8        0x4 c:/maximsdk/tools/gnutools/10.3/bin/../lib/gcc/arm-none-eabi/10.3.1/../../../../arm-none-eabi/lib/thumb/v7e-m+fp/softfp\libc.a(lib_a-lock.o)
                0x100065d8                __retarget_lock_acquire_recursive
 .text.__retarget_lock_release_recursive
                0x100065dc        0x4 c:/maximsdk/tools/gnutools/10.3/bin/../lib/gcc/arm-none-eabi/10.3.1/../../../../arm-none-eabi/lib/thumb/v7e-m+fp/softfp\libc.a(lib_a-lock.o)
                0x100065dc                __retarget_lock_release_recursive
 .text.__smakebuf_r
                0x100065e0       0xe0 c:/maximsdk/tools/gnutools/10.3/bin/../lib/gcc/arm-none-eabi/10.3.1/../../../../arm-none-eabi/lib/thumb/v7e-m+fp/softfp\libc.a(lib_a-makebuf.o)
                0x100065e0                __smakebuf_r
 .text          0x100066c0       0xa0 c:/maximsdk/tools/gnutools/10.3/bin/../lib/gcc/arm-none-eabi/10.3.1/../../../../arm-none-eabi/lib/thumb/v7e-m+fp/softfp\libc.a(lib_a-memchr.o)
                0x100066c0                memchr
 .text.memmove  0x10006760       0xf8 c:/maximsdk/tools/gnutools/10.3/bin/../lib/gcc/arm-none-eabi/10.3.1/../../../../arm-none-eabi/lib/thumb/v7e-m+fp/softfp\libc.a(lib_a-memmove.o)
                0x10006760                memmove
 .text._Balloc  0x10006858       0x4c c:/maximsdk/tools/gnutools/10.3/bin/../lib/gcc/arm-none-eabi/10.3.1/../../../../arm-none-eabi/lib/thumb/v7e-m+fp/softfp\libc.a(lib_a-mprec.o)
                0x10006858                _Balloc
 .text._Bfree   0x100068a4       0x14 c:/maximsdk/tools/gnutools/10.3/bin/../lib/gcc/arm-none-eabi/10.3.1/../../../../arm-none-eabi/lib/thumb/v7e-m+fp/softfp\libc.a(lib_a-mprec.o)
                0x100068a4                _Bfree
 .text.__multadd
                0x100068b8       0xa8 c:/maximsdk/tools/gnutools/10.3/bin/../lib/gcc/arm-none-eabi/10.3.1/../../../../arm-none-eabi/lib/thumb/v7e-m+fp/softfp\libc.a(lib_a-mprec.o)
                0x100068b8                __multadd
 .text.__hi0bits
                0x10006960       0x40 c:/maximsdk/tools/gnutools/10.3/bin/../lib/gcc/arm-none-eabi/10.3.1/../../../../arm-none-eabi/lib/thumb/v7e-m+fp/softfp\libc.a(lib_a-mprec.o)
                0x10006960                __hi0bits
 .text.__lo0bits
                0x100069a0       0x60 c:/maximsdk/tools/gnutools/10.3/bin/../lib/gcc/arm-none-eabi/10.3.1/../../../../arm-none-eabi/lib/thumb/v7e-m+fp/softfp\libc.a(lib_a-mprec.o)
                0x100069a0                __lo0bits
 .text.__i2b    0x10006a00       0x5c c:/maximsdk/tools/gnutools/10.3/bin/../lib/gcc/arm-none-eabi/10.3.1/../../../../arm-none-eabi/lib/thumb/v7e-m+fp/softfp\libc.a(lib_a-mprec.o)
                0x10006a00                __i2b
 .text.__multiply
                0x10006a5c      0x15c c:/maximsdk/tools/gnutools/10.3/bin/../lib/gcc/arm-none-eabi/10.3.1/../../../../arm-none-eabi/lib/thumb/v7e-m+fp/softfp\libc.a(lib_a-mprec.o)
                0x10006a5c                __multiply
 .text.__pow5mult
                0x10006bb8       0xc0 c:/maximsdk/tools/gnutools/10.3/bin/../lib/gcc/arm-none-eabi/10.3.1/../../../../arm-none-eabi/lib/thumb/v7e-m+fp/softfp\libc.a(lib_a-mprec.o)
                0x10006bb8                __pow5mult
 .text.__lshift
                0x10006c78       0xf0 c:/maximsdk/tools/gnutools/10.3/bin/../lib/gcc/arm-none-eabi/10.3.1/../../../../arm-none-eabi/lib/thumb/v7e-m+fp/softfp\libc.a(lib_a-mprec.o)
                0x10006c78                __lshift
 .text.__mcmp   0x10006d68       0x44 c:/maximsdk/tools/gnutools/10.3/bin/../lib/gcc/arm-none-eabi/10.3.1/../../../../arm-none-eabi/lib/thumb/v7e-m+fp/softfp\libc.a(lib_a-mprec.o)
                0x10006d68                __mcmp
 .text.__mdiff  0x10006dac      0x14c c:/maximsdk/tools/gnutools/10.3/bin/../lib/gcc/arm-none-eabi/10.3.1/../../../../arm-none-eabi/lib/thumb/v7e-m+fp/softfp\libc.a(lib_a-mprec.o)
                0x10006dac                __mdiff
 .text.__d2b    0x10006ef8       0xc4 c:/maximsdk/tools/gnutools/10.3/bin/../lib/gcc/arm-none-eabi/10.3.1/../../../../arm-none-eabi/lib/thumb/v7e-m+fp/softfp\libc.a(lib_a-mprec.o)
                0x10006ef8                __d2b
 .text._realloc_r
                0x10006fbc      0x3d8 c:/maximsdk/tools/gnutools/10.3/bin/../lib/gcc/arm-none-eabi/10.3.1/../../../../arm-none-eabi/lib/thumb/v7e-m+fp/softfp\libc.a(lib_a-reallocr.o)
                0x10006fbc                _realloc_r
 .text.frexp    0x10007394       0x70 c:/maximsdk/tools/gnutools/10.3/bin/../lib/gcc/arm-none-eabi/10.3.1/../../../../arm-none-eabi/lib/thumb/v7e-m+fp/softfp\libc.a(lib_a-s_frexp.o)
                0x10007394                frexp
 .text.__sread  0x10007404       0x24 c:/maximsdk/tools/gnutools/10.3/bin/../lib/gcc/arm-none-eabi/10.3.1/../../../../arm-none-eabi/lib/thumb/v7e-m+fp/softfp\libc.a(lib_a-stdio.o)
                0x10007404                __sread
 .text.__swrite
                0x10007428       0x40 c:/maximsdk/tools/gnutools/10.3/bin/../lib/gcc/arm-none-eabi/10.3.1/../../../../arm-none-eabi/lib/thumb/v7e-m+fp/softfp\libc.a(lib_a-stdio.o)
                0x10007428                __swrite
 .text.__sseek  0x10007468       0x20 c:/maximsdk/tools/gnutools/10.3/bin/../lib/gcc/arm-none-eabi/10.3.1/../../../../arm-none-eabi/lib/thumb/v7e-m+fp/softfp\libc.a(lib_a-stdio.o)
                0x10007468                __sseek
 .text.__sclose
                0x10007488        0x8 c:/maximsdk/tools/gnutools/10.3/bin/../lib/gcc/arm-none-eabi/10.3.1/../../../../arm-none-eabi/lib/thumb/v7e-m+fp/softfp\libc.a(lib_a-stdio.o)
                0x10007488                __sclose
 .text.strncpy  0x10007490       0x64 c:/maximsdk/tools/gnutools/10.3/bin/../lib/gcc/arm-none-eabi/10.3.1/../../../../arm-none-eabi/lib/thumb/v7e-m+fp/softfp\libc.a(lib_a-strncpy.o)
                0x10007490                strncpy
 .text.__sprint_r.part.0
                0x100074f4       0x78 c:/maximsdk/tools/gnutools/10.3/bin/../lib/gcc/arm-none-eabi/10.3.1/../../../../arm-none-eabi/lib/thumb/v7e-m+fp/softfp\libc.a(lib_a-vfiprintf.o)
 .text.__sprint_r
                0x1000756c       0x18 c:/maximsdk/tools/gnutools/10.3/bin/../lib/gcc/arm-none-eabi/10.3.1/../../../../arm-none-eabi/lib/thumb/v7e-m+fp/softfp\libc.a(lib_a-vfiprintf.o)
                0x1000756c                __sprint_r
 .text._vfiprintf_r
                0x10007584      0xdfc c:/maximsdk/tools/gnutools/10.3/bin/../lib/gcc/arm-none-eabi/10.3.1/../../../../arm-none-eabi/lib/thumb/v7e-m+fp/softfp\libc.a(lib_a-vfiprintf.o)
                0x10007584                _vfiprintf_r
 .text.__sbprintf
                0x10008380       0x80 c:/maximsdk/tools/gnutools/10.3/bin/../lib/gcc/arm-none-eabi/10.3.1/../../../../arm-none-eabi/lib/thumb/v7e-m+fp/softfp\libc.a(lib_a-vfiprintf.o)
 .text._write_r
                0x10008400       0x2c c:/maximsdk/tools/gnutools/10.3/bin/../lib/gcc/arm-none-eabi/10.3.1/../../../../arm-none-eabi/lib/thumb/v7e-m+fp/softfp\libc.a(lib_a-writer.o)
                0x10008400                _write_r
 .text.__register_exitproc
                0x1000842c       0x8c c:/maximsdk/tools/gnutools/10.3/bin/../lib/gcc/arm-none-eabi/10.3.1/../../../../arm-none-eabi/lib/thumb/v7e-m+fp/softfp\libc.a(lib_a-__atexit.o)
                0x1000842c                __register_exitproc
 .text.__assert_func
                0x100084b8       0x40 c:/maximsdk/tools/gnutools/10.3/bin/../lib/gcc/arm-none-eabi/10.3.1/../../../../arm-none-eabi/lib/thumb/v7e-m+fp/softfp\libc.a(lib_a-assert.o)
                0x100084b8                __assert_func
 .text._calloc_r
                0x100084f8       0x78 c:/maximsdk/tools/gnutools/10.3/bin/../lib/gcc/arm-none-eabi/10.3.1/../../../../arm-none-eabi/lib/thumb/v7e-m+fp/softfp\libc.a(lib_a-callocr.o)
                0x100084f8                _calloc_r
 .text._close_r
                0x10008570       0x24 c:/maximsdk/tools/gnutools/10.3/bin/../lib/gcc/arm-none-eabi/10.3.1/../../../../arm-none-eabi/lib/thumb/v7e-m+fp/softfp\libc.a(lib_a-closer.o)
                0x10008570                _close_r
 .text._fclose_r
                0x10008594       0xcc c:/maximsdk/tools/gnutools/10.3/bin/../lib/gcc/arm-none-eabi/10.3.1/../../../../arm-none-eabi/lib/thumb/v7e-m+fp/softfp\libc.a(lib_a-fclose.o)
                0x10008594                _fclose_r
 .text.fiprintf
                0x10008660       0x28 c:/maximsdk/tools/gnutools/10.3/bin/../lib/gcc/arm-none-eabi/10.3.1/../../../../arm-none-eabi/lib/thumb/v7e-m+fp/softfp\libc.a(lib_a-fiprintf.o)
                0x10008660                fiprintf
 .text.__fputwc
                0x10008688       0xa8 c:/maximsdk/tools/gnutools/10.3/bin/../lib/gcc/arm-none-eabi/10.3.1/../../../../arm-none-eabi/lib/thumb/v7e-m+fp/softfp\libc.a(lib_a-fputwc.o)
                0x10008688                __fputwc
 .text._fputwc_r
                0x10008730       0x68 c:/maximsdk/tools/gnutools/10.3/bin/../lib/gcc/arm-none-eabi/10.3.1/../../../../arm-none-eabi/lib/thumb/v7e-m+fp/softfp\libc.a(lib_a-fputwc.o)
                0x10008730                _fputwc_r
 .text._fstat_r
                0x10008798       0x2c c:/maximsdk/tools/gnutools/10.3/bin/../lib/gcc/arm-none-eabi/10.3.1/../../../../arm-none-eabi/lib/thumb/v7e-m+fp/softfp\libc.a(lib_a-fstatr.o)
                0x10008798                _fstat_r
 .text._isatty_r
                0x100087c4       0x24 c:/maximsdk/tools/gnutools/10.3/bin/../lib/gcc/arm-none-eabi/10.3.1/../../../../arm-none-eabi/lib/thumb/v7e-m+fp/softfp\libc.a(lib_a-isattyr.o)
                0x100087c4                _isatty_r
 .text.__locale_mb_cur_max
                0x100087e8        0xc c:/maximsdk/tools/gnutools/10.3/bin/../lib/gcc/arm-none-eabi/10.3.1/../../../../arm-none-eabi/lib/thumb/v7e-m+fp/softfp\libc.a(lib_a-locale.o)
                0x100087e8                __locale_mb_cur_max
 .text._lseek_r
                0x100087f4       0x2c c:/maximsdk/tools/gnutools/10.3/bin/../lib/gcc/arm-none-eabi/10.3.1/../../../../arm-none-eabi/lib/thumb/v7e-m+fp/softfp\libc.a(lib_a-lseekr.o)
                0x100087f4                _lseek_r
 .text.__ascii_mbtowc
                0x10008820       0x2c c:/maximsdk/tools/gnutools/10.3/bin/../lib/gcc/arm-none-eabi/10.3.1/../../../../arm-none-eabi/lib/thumb/v7e-m+fp/softfp\libc.a(lib_a-mbtowc_r.o)
                0x10008820                __ascii_mbtowc
 .text._read_r  0x1000884c       0x2c c:/maximsdk/tools/gnutools/10.3/bin/../lib/gcc/arm-none-eabi/10.3.1/../../../../arm-none-eabi/lib/thumb/v7e-m+fp/softfp\libc.a(lib_a-readr.o)
                0x1000884c                _read_r
 .text.__swbuf_r
                0x10008878       0xb0 c:/maximsdk/tools/gnutools/10.3/bin/../lib/gcc/arm-none-eabi/10.3.1/../../../../arm-none-eabi/lib/thumb/v7e-m+fp/softfp\libc.a(lib_a-wbuf.o)
                0x10008878                __swbuf_r
 .text._wcrtomb_r
                0x10008928       0x3c c:/maximsdk/tools/gnutools/10.3/bin/../lib/gcc/arm-none-eabi/10.3.1/../../../../arm-none-eabi/lib/thumb/v7e-m+fp/softfp\libc.a(lib_a-wcrtomb.o)
                0x10008928                _wcrtomb_r
 .text.__ascii_wctomb
                0x10008964       0x1c c:/maximsdk/tools/gnutools/10.3/bin/../lib/gcc/arm-none-eabi/10.3.1/../../../../arm-none-eabi/lib/thumb/v7e-m+fp/softfp\libc.a(lib_a-wctomb_r.o)
                0x10008964                __ascii_wctomb
 .text.abort    0x10008980       0x10 c:/maximsdk/tools/gnutools/10.3/bin/../lib/gcc/arm-none-eabi/10.3.1/../../../../arm-none-eabi/lib/thumb/v7e-m+fp/softfp\libc.a(lib_a-abort.o)
                0x10008980                abort
 .text.raise    0x10008990       0x5c c:/maximsdk/tools/gnutools/10.3/bin/../lib/gcc/arm-none-eabi/10.3.1/../../../../arm-none-eabi/lib/thumb/v7e-m+fp/softfp\libc.a(lib_a-signal.o)
                0x10008990                raise
 .text._kill_r  0x100089ec       0x2c c:/maximsdk/tools/gnutools/10.3/bin/../lib/gcc/arm-none-eabi/10.3.1/../../../../arm-none-eabi/lib/thumb/v7e-m+fp/softfp\libc.a(lib_a-signalr.o)
                0x100089ec                _kill_r
 .text._getpid_r
                0x10008a18        0x4 c:/maximsdk/tools/gnutools/10.3/bin/../lib/gcc/arm-none-eabi/10.3.1/../../../../arm-none-eabi/lib/thumb/v7e-m+fp/softfp\libc.a(lib_a-signalr.o)
                0x10008a18                _getpid_r
 .text._getpid  0x10008a1c       0x10 c:/maximsdk/tools/gnutools/10.3/bin/../lib/gcc/arm-none-eabi/10.3.1/../../../../arm-none-eabi/lib/thumb/v7e-m+fp/softfp\libnosys.a(getpid.o)
                0x10008a1c                _getpid
 .text._kill    0x10008a2c       0x10 c:/maximsdk/tools/gnutools/10.3/bin/../lib/gcc/arm-none-eabi/10.3.1/../../../../arm-none-eabi/lib/thumb/v7e-m+fp/softfp\libnosys.a(kill.o)
                0x10008a2c                _kill
 .text._exit    0x10008a3c        0x4 c:/maximsdk/tools/gnutools/10.3/bin/../lib/gcc/arm-none-eabi/10.3.1/../../../../arm-none-eabi/lib/thumb/v7e-m+fp/softfp\libnosys.a(_exit.o)
                0x10008a3c                _exit
 .text          0x10008a40      0x378 c:/maximsdk/tools/gnutools/10.3/bin/../lib/gcc/arm-none-eabi/10.3.1/thumb/v7e-m+fp/softfp\libgcc.a(_arm_addsubdf3.o)
                0x10008a40                __aeabi_drsub
                0x10008a48                __aeabi_dsub
                0x10008a48                __subdf3
                0x10008a4c                __aeabi_dadd
                0x10008a4c                __adddf3
                0x10008cc4                __floatunsidf
                0x10008cc4                __aeabi_ui2d
                0x10008ce4                __floatsidf
                0x10008ce4                __aeabi_i2d
                0x10008d08                __aeabi_f2d
                0x10008d08                __extendsfdf2
                0x10008d4c                __floatundidf
                0x10008d4c                __aeabi_ul2d
                0x10008d5c                __floatdidf
                0x10008d5c                __aeabi_l2d
 .text          0x10008db8      0x424 c:/maximsdk/tools/gnutools/10.3/bin/../lib/gcc/arm-none-eabi/10.3.1/thumb/v7e-m+fp/softfp\libgcc.a(_arm_muldivdf3.o)
                0x10008db8                __aeabi_dmul
                0x10008db8                __muldf3
                0x1000900c                __divdf3
                0x1000900c                __aeabi_ddiv
 .text          0x100091dc      0x110 c:/maximsdk/tools/gnutools/10.3/bin/../lib/gcc/arm-none-eabi/10.3.1/thumb/v7e-m+fp/softfp\libgcc.a(_arm_cmpdf2.o)
                0x100091dc                __gtdf2
                0x100091dc                __gedf2
                0x100091e4                __ltdf2
                0x100091e4                __ledf2
                0x100091ec                __nedf2
                0x100091ec                __eqdf2
                0x100091ec                __cmpdf2
                0x10009268                __aeabi_cdrcmple
                0x10009278                __aeabi_cdcmpeq
                0x10009278                __aeabi_cdcmple
                0x10009288                __aeabi_dcmpeq
                0x1000929c                __aeabi_dcmplt
                0x100092b0                __aeabi_dcmple
                0x100092c4                __aeabi_dcmpge
                0x100092d8                __aeabi_dcmpgt
 .text          0x100092ec       0x2c c:/maximsdk/tools/gnutools/10.3/bin/../lib/gcc/arm-none-eabi/10.3.1/thumb/v7e-m+fp/softfp\libgcc.a(_arm_unorddf2.o)
                0x100092ec                __unorddf2
                0x100092ec                __aeabi_dcmpun
 .text          0x10009318       0x50 c:/maximsdk/tools/gnutools/10.3/bin/../lib/gcc/arm-none-eabi/10.3.1/thumb/v7e-m+fp/softfp\libgcc.a(_arm_fixdfsi.o)
                0x10009318                __aeabi_d2iz
                0x10009318                __fixdfsi
 .text          0x10009368       0x30 c:/maximsdk/tools/gnutools/10.3/bin/../lib/gcc/arm-none-eabi/10.3.1/thumb/v7e-m+fp/softfp\libgcc.a(_aeabi_uldivmod.o)
                0x10009368                __aeabi_uldivmod
 .text          0x10009398      0x2d0 c:/maximsdk/tools/gnutools/10.3/bin/../lib/gcc/arm-none-eabi/10.3.1/thumb/v7e-m+fp/softfp\libgcc.a(_udivmoddi4.o)
                0x10009398                __udivmoddi4
 .text          0x10009668        0x4 c:/maximsdk/tools/gnutools/10.3/bin/../lib/gcc/arm-none-eabi/10.3.1/thumb/v7e-m+fp/softfp\libgcc.a(_dvmd_tls.o)
                0x10009668                __aeabi_idiv0
                0x10009668                __aeabi_ldiv0
 *(.rodata*)
 .rodata.fail.str1.4
                0x1000966c        0xf C:/Users/obuyukso/Desktop/AI8X/ai8x-synthesis/sdk/Examples/MAX78000/CNN/powernet/build/main.o
 *fill*         0x1000967b        0x1 
 .rodata.check_output.str1.4
                0x1000967c       0x48 C:/Users/obuyukso/Desktop/AI8X/ai8x-synthesis/sdk/Examples/MAX78000/CNN/powernet/build/main.o
 .rodata.main.str1.4
                0x100096c4       0x5c C:/Users/obuyukso/Desktop/AI8X/ai8x-synthesis/sdk/Examples/MAX78000/CNN/powernet/build/main.o
 .rodata.input_0
                0x10009720      0x19c C:/Users/obuyukso/Desktop/AI8X/ai8x-synthesis/sdk/Examples/MAX78000/CNN/powernet/build/main.o
 .rodata.bias_0
                0x100098bc       0x40 C:/Users/obuyukso/Desktop/AI8X/ai8x-synthesis/sdk/Examples/MAX78000/CNN/powernet/build/cnn.o
 .rodata.bias_1
                0x100098fc       0x90 C:/Users/obuyukso/Desktop/AI8X/ai8x-synthesis/sdk/Examples/MAX78000/CNN/powernet/build/cnn.o
 .rodata.bias_2
                0x1000998c       0x24 C:/Users/obuyukso/Desktop/AI8X/ai8x-synthesis/sdk/Examples/MAX78000/CNN/powernet/build/cnn.o
 .rodata.kernels
                0x100099b0     0x55c4 C:/Users/obuyukso/Desktop/AI8X/ai8x-synthesis/sdk/Examples/MAX78000/CNN/powernet/build/cnn.o
 .rodata.mxc_assert.str1.4
                0x1000ef74       0x19 C:/Users/obuyukso/Desktop/AI8X/ai8x-synthesis/sdk/Examples/MAX78000/CNN/powernet/build/board.o
 *fill*         0x1000ef8d        0x3 
 .rodata.Board_Init.str1.4
                0x1000ef90       0x45 C:/Users/obuyukso/Desktop/AI8X/ai8x-synthesis/sdk/Examples/MAX78000/CNN/powernet/build/board.o
 *fill*         0x1000efd5        0x3 
 .rodata.led_pin
                0x1000efd8       0x24 C:/Users/obuyukso/Desktop/AI8X/ai8x-synthesis/sdk/Examples/MAX78000/CNN/powernet/build/board.o
                0x1000efd8                led_pin
 .rodata.num_leds
                0x1000effc        0x4 C:/Users/obuyukso/Desktop/AI8X/ai8x-synthesis/sdk/Examples/MAX78000/CNN/powernet/build/board.o
                0x1000effc                num_leds
 .rodata.num_pbs
                0x1000f000        0x4 C:/Users/obuyukso/Desktop/AI8X/ai8x-synthesis/sdk/Examples/MAX78000/CNN/powernet/build/board.o
                0x1000f000                num_pbs
 .rodata.pb_pin
                0x1000f004       0x18 C:/Users/obuyukso/Desktop/AI8X/ai8x-synthesis/sdk/Examples/MAX78000/CNN/powernet/build/board.o
                0x1000f004                pb_pin
 .rodata.LED_On.str1.4
                0x1000f01c       0x5f C:/Users/obuyukso/Desktop/AI8X/ai8x-synthesis/sdk/Examples/MAX78000/CNN/powernet/build/led.o
 *fill*         0x1000f07b        0x1 
 .rodata.gpio_cfg_tmr0
                0x1000f07c        0xc C:/MaximSDK/Libraries/PeriphDrivers/bin/MAX78000/softfp/libPeriphDriver_softfp.a(pins_ai85.o)
                0x1000f07c                gpio_cfg_tmr0
 .rodata.gpio_cfg_tmr0b
                0x1000f088        0xc C:/MaximSDK/Libraries/PeriphDrivers/bin/MAX78000/softfp/libPeriphDriver_softfp.a(pins_ai85.o)
                0x1000f088                gpio_cfg_tmr0b
 .rodata.gpio_cfg_tmr1
                0x1000f094        0xc C:/MaximSDK/Libraries/PeriphDrivers/bin/MAX78000/softfp/libPeriphDriver_softfp.a(pins_ai85.o)
                0x1000f094                gpio_cfg_tmr1
 .rodata.gpio_cfg_tmr1b
                0x1000f0a0        0xc C:/MaximSDK/Libraries/PeriphDrivers/bin/MAX78000/softfp/libPeriphDriver_softfp.a(pins_ai85.o)
                0x1000f0a0                gpio_cfg_tmr1b
 .rodata.gpio_cfg_tmr2
                0x1000f0ac        0xc C:/MaximSDK/Libraries/PeriphDrivers/bin/MAX78000/softfp/libPeriphDriver_softfp.a(pins_ai85.o)
                0x1000f0ac                gpio_cfg_tmr2
 .rodata.gpio_cfg_tmr2b
                0x1000f0b8        0xc C:/MaximSDK/Libraries/PeriphDrivers/bin/MAX78000/softfp/libPeriphDriver_softfp.a(pins_ai85.o)
                0x1000f0b8                gpio_cfg_tmr2b
 .rodata.gpio_cfg_tmr3
                0x1000f0c4        0xc C:/MaximSDK/Libraries/PeriphDrivers/bin/MAX78000/softfp/libPeriphDriver_softfp.a(pins_ai85.o)
                0x1000f0c4                gpio_cfg_tmr3
 .rodata.gpio_cfg_tmr3b
                0x1000f0d0        0xc C:/MaximSDK/Libraries/PeriphDrivers/bin/MAX78000/softfp/libPeriphDriver_softfp.a(pins_ai85.o)
                0x1000f0d0                gpio_cfg_tmr3b
 .rodata.gpio_cfg_tmr4
                0x1000f0dc        0xc C:/MaximSDK/Libraries/PeriphDrivers/bin/MAX78000/softfp/libPeriphDriver_softfp.a(pins_ai85.o)
                0x1000f0dc                gpio_cfg_tmr4
 .rodata.gpio_cfg_tmr5
                0x1000f0e8        0xc C:/MaximSDK/Libraries/PeriphDrivers/bin/MAX78000/softfp/libPeriphDriver_softfp.a(pins_ai85.o)
                0x1000f0e8                gpio_cfg_tmr5
 .rodata.gpio_cfg_uart0
                0x1000f0f4        0xc C:/MaximSDK/Libraries/PeriphDrivers/bin/MAX78000/softfp/libPeriphDriver_softfp.a(pins_ai85.o)
                0x1000f0f4                gpio_cfg_uart0
 .rodata.gpio_cfg_uart1
                0x1000f100        0xc C:/MaximSDK/Libraries/PeriphDrivers/bin/MAX78000/softfp/libPeriphDriver_softfp.a(pins_ai85.o)
                0x1000f100                gpio_cfg_uart1
 .rodata.gpio_cfg_uart2
                0x1000f10c        0xc C:/MaximSDK/Libraries/PeriphDrivers/bin/MAX78000/softfp/libPeriphDriver_softfp.a(pins_ai85.o)
                0x1000f10c                gpio_cfg_uart2
 .rodata.gpio_cfg_uart3
                0x1000f118        0xc C:/MaximSDK/Libraries/PeriphDrivers/bin/MAX78000/softfp/libPeriphDriver_softfp.a(pins_ai85.o)
                0x1000f118                gpio_cfg_uart3
 .rodata.MXC_TMR_Init.str1.4
                0x1000f124       0x50 C:/MaximSDK/Libraries/PeriphDrivers/bin/MAX78000/softfp/libPeriphDriver_softfp.a(tmr_ai85.o)
 .rodata.MXC_TMR_RevB_ConfigGeneric.str1.4
                0x1000f174       0x43 C:/MaximSDK/Libraries/PeriphDrivers/bin/MAX78000/softfp/libPeriphDriver_softfp.a(tmr_revb.o)
                                 0x50 (size before relaxing)
 *fill*         0x1000f1b7        0x1 
 .rodata.MXC_GPIO_Common_Handler.str1.4
                0x1000f1b8       0x66 C:/MaximSDK/Libraries/PeriphDrivers/bin/MAX78000/softfp/libPeriphDriver_softfp.a(gpio_common.o)
 *fill*         0x1000f21e        0x2 
 .rodata._global_impure_ptr
                0x1000f220        0x4 c:/maximsdk/tools/gnutools/10.3/bin/../lib/gcc/arm-none-eabi/10.3.1/../../../../arm-none-eabi/lib/thumb/v7e-m+fp/softfp\libc.a(lib_a-impure.o)
                0x1000f220                _global_impure_ptr
 .rodata._puts_r.str1.4
                0x1000f224        0x2 c:/maximsdk/tools/gnutools/10.3/bin/../lib/gcc/arm-none-eabi/10.3.1/../../../../arm-none-eabi/lib/thumb/v7e-m+fp/softfp\libc.a(lib_a-puts.o)
 *fill*         0x1000f226        0x2 
 .rodata._vfprintf_r.str1.4
                0x1000f228       0x42 c:/maximsdk/tools/gnutools/10.3/bin/../lib/gcc/arm-none-eabi/10.3.1/../../../../arm-none-eabi/lib/thumb/v7e-m+fp/softfp\libc.a(lib_a-vfprintf.o)
 *fill*         0x1000f26a        0x2 
 .rodata.blanks.1
                0x1000f26c       0x10 c:/maximsdk/tools/gnutools/10.3/bin/../lib/gcc/arm-none-eabi/10.3.1/../../../../arm-none-eabi/lib/thumb/v7e-m+fp/softfp\libc.a(lib_a-vfprintf.o)
 .rodata.zeroes.0
                0x1000f27c       0x10 c:/maximsdk/tools/gnutools/10.3/bin/../lib/gcc/arm-none-eabi/10.3.1/../../../../arm-none-eabi/lib/thumb/v7e-m+fp/softfp\libc.a(lib_a-vfprintf.o)
 .rodata._dtoa_r.str1.4
                0x1000f28c       0xa2 c:/maximsdk/tools/gnutools/10.3/bin/../lib/gcc/arm-none-eabi/10.3.1/../../../../arm-none-eabi/lib/thumb/v7e-m+fp/softfp\libc.a(lib_a-dtoa.o)
                                 0xa6 (size before relaxing)
 *fill*         0x1000f32e        0x2 
 .rodata.__multadd.str1.4
                0x1000f330       0x7f c:/maximsdk/tools/gnutools/10.3/bin/../lib/gcc/arm-none-eabi/10.3.1/../../../../arm-none-eabi/lib/thumb/v7e-m+fp/softfp\libc.a(lib_a-mprec.o)
                                 0x93 (size before relaxing)
 *fill*         0x1000f3af        0x1 
 .rodata.__mprec_bigtens
                0x1000f3b0       0x28 c:/maximsdk/tools/gnutools/10.3/bin/../lib/gcc/arm-none-eabi/10.3.1/../../../../arm-none-eabi/lib/thumb/v7e-m+fp/softfp\libc.a(lib_a-mprec.o)
                0x1000f3b0                __mprec_bigtens
 .rodata.__mprec_tens
                0x1000f3d8       0xc8 c:/maximsdk/tools/gnutools/10.3/bin/../lib/gcc/arm-none-eabi/10.3.1/../../../../arm-none-eabi/lib/thumb/v7e-m+fp/softfp\libc.a(lib_a-mprec.o)
                0x1000f3d8                __mprec_tens
 .rodata.p05.0  0x1000f4a0        0xc c:/maximsdk/tools/gnutools/10.3/bin/../lib/gcc/arm-none-eabi/10.3.1/../../../../arm-none-eabi/lib/thumb/v7e-m+fp/softfp\libc.a(lib_a-mprec.o)
 .rodata._vfiprintf_r.str1.4
                0x1000f4ac       0x2f c:/maximsdk/tools/gnutools/10.3/bin/../lib/gcc/arm-none-eabi/10.3.1/../../../../arm-none-eabi/lib/thumb/v7e-m+fp/softfp\libc.a(lib_a-vfiprintf.o)
 .rodata.blanks.1
                0x1000f4ac       0x10 c:/maximsdk/tools/gnutools/10.3/bin/../lib/gcc/arm-none-eabi/10.3.1/../../../../arm-none-eabi/lib/thumb/v7e-m+fp/softfp\libc.a(lib_a-vfiprintf.o)
 .rodata.zeroes.0
                0x1000f4bc       0x10 c:/maximsdk/tools/gnutools/10.3/bin/../lib/gcc/arm-none-eabi/10.3.1/../../../../arm-none-eabi/lib/thumb/v7e-m+fp/softfp\libc.a(lib_a-vfiprintf.o)
 .rodata.__assert_func.str1.4
                0x1000f4cc       0x3f c:/maximsdk/tools/gnutools/10.3/bin/../lib/gcc/arm-none-eabi/10.3.1/../../../../arm-none-eabi/lib/thumb/v7e-m+fp/softfp\libc.a(lib_a-assert.o)
                                 0x43 (size before relaxing)
 *fill*         0x1000f50b        0x1 
 .rodata._setlocale_r.str1.4
                0x1000f50c        0xa c:/maximsdk/tools/gnutools/10.3/bin/../lib/gcc/arm-none-eabi/10.3.1/../../../../arm-none-eabi/lib/thumb/v7e-m+fp/softfp\libc.a(lib_a-locale.o)
                                  0xd (size before relaxing)
 *fill*         0x1000f516        0x2 
 .rodata.str1.4
                0x1000f518        0x2 c:/maximsdk/tools/gnutools/10.3/bin/../lib/gcc/arm-none-eabi/10.3.1/../../../../arm-none-eabi/lib/thumb/v7e-m+fp/softfp\libc.a(lib_a-locale.o)
 *fill*         0x1000f51a        0x2 
 .rodata._ctype_
                0x1000f51c      0x101 c:/maximsdk/tools/gnutools/10.3/bin/../lib/gcc/arm-none-eabi/10.3.1/../../../../arm-none-eabi/lib/thumb/v7e-m+fp/softfp\libc.a(lib_a-ctype_.o)
                0x1000f51c                _ctype_
 *(.init)
 *fill*         0x1000f61d        0x3 
 .init          0x1000f620        0x4 c:/maximsdk/tools/gnutools/10.3/bin/../lib/gcc/arm-none-eabi/10.3.1/thumb/v7e-m+fp/softfp/crti.o
                0x1000f620                _init
 .init          0x1000f624        0x8 c:/maximsdk/tools/gnutools/10.3/bin/../lib/gcc/arm-none-eabi/10.3.1/thumb/v7e-m+fp/softfp/crtn.o
 *(.fini)
 .fini          0x1000f62c        0x4 c:/maximsdk/tools/gnutools/10.3/bin/../lib/gcc/arm-none-eabi/10.3.1/thumb/v7e-m+fp/softfp/crti.o
                0x1000f62c                _fini
 .fini          0x1000f630        0x8 c:/maximsdk/tools/gnutools/10.3/bin/../lib/gcc/arm-none-eabi/10.3.1/thumb/v7e-m+fp/softfp/crtn.o
 *(.eh_frame*)
 .eh_frame      0x1000f638        0x0 c:/maximsdk/tools/gnutools/10.3/bin/../lib/gcc/arm-none-eabi/10.3.1/thumb/v7e-m+fp/softfp/crtbegin.o
 .eh_frame      0x1000f638        0x4 c:/maximsdk/tools/gnutools/10.3/bin/../lib/gcc/arm-none-eabi/10.3.1/thumb/v7e-m+fp/softfp/crtend.o
                0x1000f63c                _etext = .

.glue_7         0x1000f63c        0x0
 .glue_7        0x1000f63c        0x0 linker stubs

.glue_7t        0x1000f63c        0x0
 .glue_7t       0x1000f63c        0x0 linker stubs

.vfp11_veneer   0x1000f63c        0x0
 .vfp11_veneer  0x1000f63c        0x0 linker stubs

.v4_bx          0x1000f63c        0x0
 .v4_bx         0x1000f63c        0x0 linker stubs

.iplt           0x1000f63c        0x0
 .iplt          0x1000f63c        0x0 c:/maximsdk/tools/gnutools/10.3/bin/../lib/gcc/arm-none-eabi/10.3.1/thumb/v7e-m+fp/softfp/crtbegin.o

.bin_storage    0x1000f63c        0x0
 FILL mask 0xff
                0x1000f63c                _bin_start_ = .
 *(.bin_storage_img)
                0x1000f63c                _bin_end_ = .
                0x1000f63c                . = ALIGN (0x4)

.rom_code       0x00000000        0x0
                0x00000000                . = ALIGN (0x10)
                0x20000000                _sran_code = .
 *(.rom_code_section)
                0x20000000                _esran_code = .

.flash_code     0x1000f63c        0x4
                0x1000f640                . = ALIGN (0x10)
 *fill*         0x1000f63c        0x4 
                0x20000000                _sran_code = .
 *(.flash_code_section)
                0x20000000                _esran_code = .

.sram_code      0x20000000        0x0
                0x20000000                . = ALIGN (0x10)
                0x20000000                _sran_code = .
 *(.sram_code_section)
                0x20000000                _esran_code = .

.ARM.exidx      0x1000f640        0x8
                0x1000f640                __exidx_start = .
 *(.ARM.exidx*)
 .ARM.exidx     0x1000f640        0x8 c:/maximsdk/tools/gnutools/10.3/bin/../lib/gcc/arm-none-eabi/10.3.1/thumb/v7e-m+fp/softfp\libgcc.a(_udivmoddi4.o)
                0x1000f648                __exidx_end = .

.rel.dyn        0x1000f648        0x0
 .rel.iplt      0x1000f648        0x0 c:/maximsdk/tools/gnutools/10.3/bin/../lib/gcc/arm-none-eabi/10.3.1/thumb/v7e-m+fp/softfp/crtbegin.o

.data           0x20000000      0x9c4 load address 0x1000f648
                0x20000000                _data = ALIGN (., 0x4)
 *(.data*)
 .data.ConsoleUart
                0x20000000        0x4 C:/Users/obuyukso/Desktop/AI8X/ai8x-synthesis/sdk/Examples/MAX78000/CNN/powernet/build/board.o
                0x20000000                ConsoleUart
 .data.overflows
                0x20000004        0x4 C:/MaximSDK/Libraries/PeriphDrivers/bin/MAX78000/softfp/libPeriphDriver_softfp.a(mxc_delay.o)
 .data._impure_ptr
                0x20000008        0x4 c:/maximsdk/tools/gnutools/10.3/bin/../lib/gcc/arm-none-eabi/10.3.1/../../../../arm-none-eabi/lib/thumb/v7e-m+fp/softfp\libc.a(lib_a-impure.o)
                0x20000008                _impure_ptr
 *fill*         0x2000000c        0x4 
 .data.impure_data
                0x20000010      0x428 c:/maximsdk/tools/gnutools/10.3/bin/../lib/gcc/arm-none-eabi/10.3.1/../../../../arm-none-eabi/lib/thumb/v7e-m+fp/softfp\libc.a(lib_a-impure.o)
 .data.__malloc_av_
                0x20000438      0x408 c:/maximsdk/tools/gnutools/10.3/bin/../lib/gcc/arm-none-eabi/10.3.1/../../../../arm-none-eabi/lib/thumb/v7e-m+fp/softfp\libc.a(lib_a-mallocr.o)
                0x20000438                __malloc_av_
 .data.__malloc_sbrk_base
                0x20000840        0x4 c:/maximsdk/tools/gnutools/10.3/bin/../lib/gcc/arm-none-eabi/10.3.1/../../../../arm-none-eabi/lib/thumb/v7e-m+fp/softfp\libc.a(lib_a-mallocr.o)
                0x20000840                __malloc_sbrk_base
 .data.__malloc_trim_threshold
                0x20000844        0x4 c:/maximsdk/tools/gnutools/10.3/bin/../lib/gcc/arm-none-eabi/10.3.1/../../../../arm-none-eabi/lib/thumb/v7e-m+fp/softfp\libc.a(lib_a-mallocr.o)
                0x20000844                __malloc_trim_threshold
 .data.__atexit_recursive_mutex
                0x20000848        0x4 c:/maximsdk/tools/gnutools/10.3/bin/../lib/gcc/arm-none-eabi/10.3.1/../../../../arm-none-eabi/lib/thumb/v7e-m+fp/softfp\libc.a(lib_a-__call_atexit.o)
                0x20000848                __atexit_recursive_mutex
 .data.__global_locale
                0x2000084c      0x16c c:/maximsdk/tools/gnutools/10.3/bin/../lib/gcc/arm-none-eabi/10.3.1/../../../../arm-none-eabi/lib/thumb/v7e-m+fp/softfp\libc.a(lib_a-locale.o)
                0x2000084c                __global_locale
 *(.flashprog*)
                0x200009b8                . = ALIGN (0x4)
                0x200009b8                PROVIDE (__preinit_array_start = .)
 *(.preinit_array)
                0x200009b8                PROVIDE (__preinit_array_end = .)
                0x200009b8                . = ALIGN (0x4)
                0x200009b8                PROVIDE (__init_array_start = .)
 *(SORT_BY_NAME(.init_array.*))
 .init_array.00000
                0x200009b8        0x4 c:/maximsdk/tools/gnutools/10.3/bin/../lib/gcc/arm-none-eabi/10.3.1/../../../../arm-none-eabi/lib/thumb/v7e-m+fp/softfp\libc.a(lib_a-__call_atexit.o)
 *(.init_array)
 .init_array    0x200009bc        0x4 c:/maximsdk/tools/gnutools/10.3/bin/../lib/gcc/arm-none-eabi/10.3.1/thumb/v7e-m+fp/softfp/crtbegin.o
                0x200009c0                PROVIDE (__init_array_end = .)
                0x200009c0                . = ALIGN (0x4)
                0x200009c0                PROVIDE (__fini_array_start = .)
 *(SORT_BY_NAME(.fini_array.*))
 *(.fini_array)
 .fini_array    0x200009c0        0x4 c:/maximsdk/tools/gnutools/10.3/bin/../lib/gcc/arm-none-eabi/10.3.1/thumb/v7e-m+fp/softfp/crtbegin.o
                0x200009c4                PROVIDE (__fini_array_end = .)
                0x200009c4                _edata = ALIGN (., 0x4)
                0x1000f648                __load_data = LOADADDR (.data)

.igot.plt       0x200009c4        0x0 load address 0x1001000c
 .igot.plt      0x200009c4        0x0 c:/maximsdk/tools/gnutools/10.3/bin/../lib/gcc/arm-none-eabi/10.3.1/thumb/v7e-m+fp/softfp/crtbegin.o

.bss            0x20000a00      0x82c load address 0x1001000c
                0x20000a00                . = ALIGN (0x4)
                0x20000a00                _bss = .
 *(.bss*)
 .bss           0x20000a00       0x1c c:/maximsdk/tools/gnutools/10.3/bin/../lib/gcc/arm-none-eabi/10.3.1/thumb/v7e-m+fp/softfp/crtbegin.o
 .bss.cnn_time  0x20000a1c        0x4 C:/Users/obuyukso/Desktop/AI8X/ai8x-synthesis/sdk/Examples/MAX78000/CNN/powernet/build/main.o
                0x20000a1c                cnn_time
 .bss.ml_data   0x20000a20        0x4 C:/Users/obuyukso/Desktop/AI8X/ai8x-synthesis/sdk/Examples/MAX78000/CNN/powernet/build/main.o
 .bss.heap_end  0x20000a24        0x4 C:/Users/obuyukso/Desktop/AI8X/ai8x-synthesis/sdk/Examples/MAX78000/CNN/powernet/build/heap.o
 .bss.cbFunc    0x20000a28        0x4 C:/MaximSDK/Libraries/PeriphDrivers/bin/MAX78000/softfp/libPeriphDriver_softfp.a(mxc_delay.o)
 .bss.ctrl_save
                0x20000a2c        0x4 C:/MaximSDK/Libraries/PeriphDrivers/bin/MAX78000/softfp/libPeriphDriver_softfp.a(mxc_delay.o)
 .bss.endtick   0x20000a30        0x4 C:/MaximSDK/Libraries/PeriphDrivers/bin/MAX78000/softfp/libPeriphDriver_softfp.a(mxc_delay.o)
 *fill*         0x20000a34      0x1cc 
 .bss.ramVectorTable
                0x20000c00      0x1e0 C:/MaximSDK/Libraries/PeriphDrivers/bin/MAX78000/softfp/libPeriphDriver_softfp.a(nvic_table.o)
 .bss.callback  0x20000de0      0x200 C:/MaximSDK/Libraries/PeriphDrivers/bin/MAX78000/softfp/libPeriphDriver_softfp.a(gpio_common.o)
 .bss.cbparam   0x20000fe0      0x200 C:/MaximSDK/Libraries/PeriphDrivers/bin/MAX78000/softfp/libPeriphDriver_softfp.a(gpio_common.o)
 .bss.initialized
                0x200011e0        0x1 C:/MaximSDK/Libraries/PeriphDrivers/bin/MAX78000/softfp/libPeriphDriver_softfp.a(gpio_common.o)
 *fill*         0x200011e1        0x3 
 .bss.__malloc_current_mallinfo
                0x200011e4       0x28 c:/maximsdk/tools/gnutools/10.3/bin/../lib/gcc/arm-none-eabi/10.3.1/../../../../arm-none-eabi/lib/thumb/v7e-m+fp/softfp\libc.a(lib_a-mallocr.o)
                0x200011e4                __malloc_current_mallinfo
 .bss.__malloc_max_sbrked_mem
                0x2000120c        0x4 c:/maximsdk/tools/gnutools/10.3/bin/../lib/gcc/arm-none-eabi/10.3.1/../../../../arm-none-eabi/lib/thumb/v7e-m+fp/softfp\libc.a(lib_a-mallocr.o)
                0x2000120c                __malloc_max_sbrked_mem
 .bss.__malloc_max_total_mem
                0x20001210        0x4 c:/maximsdk/tools/gnutools/10.3/bin/../lib/gcc/arm-none-eabi/10.3.1/../../../../arm-none-eabi/lib/thumb/v7e-m+fp/softfp\libc.a(lib_a-mallocr.o)
                0x20001210                __malloc_max_total_mem
 .bss.__malloc_top_pad
                0x20001214        0x4 c:/maximsdk/tools/gnutools/10.3/bin/../lib/gcc/arm-none-eabi/10.3.1/../../../../arm-none-eabi/lib/thumb/v7e-m+fp/softfp\libc.a(lib_a-mallocr.o)
                0x20001214                __malloc_top_pad
 .bss.__lock___atexit_recursive_mutex
                0x20001218        0x1 c:/maximsdk/tools/gnutools/10.3/bin/../lib/gcc/arm-none-eabi/10.3.1/../../../../arm-none-eabi/lib/thumb/v7e-m+fp/softfp\libc.a(lib_a-lock.o)
                0x20001218                __lock___atexit_recursive_mutex
 *fill*         0x20001219        0x3 
 .bss.__lock___malloc_recursive_mutex
                0x2000121c        0x1 c:/maximsdk/tools/gnutools/10.3/bin/../lib/gcc/arm-none-eabi/10.3.1/../../../../arm-none-eabi/lib/thumb/v7e-m+fp/softfp\libc.a(lib_a-lock.o)
                0x2000121c                __lock___malloc_recursive_mutex
 *fill*         0x2000121d        0x3 
 .bss.__lock___sfp_recursive_mutex
                0x20001220        0x1 c:/maximsdk/tools/gnutools/10.3/bin/../lib/gcc/arm-none-eabi/10.3.1/../../../../arm-none-eabi/lib/thumb/v7e-m+fp/softfp\libc.a(lib_a-lock.o)
                0x20001220                __lock___sfp_recursive_mutex
 *fill*         0x20001221        0x3 
 .bss.__lock___sinit_recursive_mutex
                0x20001224        0x1 c:/maximsdk/tools/gnutools/10.3/bin/../lib/gcc/arm-none-eabi/10.3.1/../../../../arm-none-eabi/lib/thumb/v7e-m+fp/softfp\libc.a(lib_a-lock.o)
                0x20001224                __lock___sinit_recursive_mutex
 *fill*         0x20001225        0x3 
 .bss.errno     0x20001228        0x4 c:/maximsdk/tools/gnutools/10.3/bin/../lib/gcc/arm-none-eabi/10.3.1/../../../../arm-none-eabi/lib/thumb/v7e-m+fp/softfp\libc.a(lib_a-reent.o)
                0x20001228                errno
 *(COMMON)
                0x2000122c                _ebss = ALIGN (., 0x4)

.shared         0x2000122c        0x4 load address 0x1001000c
                0x2000122c                . = ALIGN (0x4)
                0x2000122c                _shared = .
 *(.mailbox*)
                0x2000122c                . = ALIGN (0x4)
 *(.shared*)
 .shared        0x2000122c        0x4 C:/Users/obuyukso/Desktop/AI8X/ai8x-synthesis/sdk/Examples/MAX78000/CNN/powernet/build/system_max78000.o
                0x2000122c                SystemCoreClock
                0x20001230                _eshared = ALIGN (., 0x4)
                0x1001000c                __shared_data = LOADADDR (.shared)
                0x20020000                __StackTop = (ORIGIN (SRAM) + LENGTH (SRAM))
                0x2001f000                __StackLimit = (__StackTop - SIZEOF (.stack_dummy))

.stack_dummy    0x20001230     0x1000 load address 0x10010010
 *(.stack*)
 .stack         0x20001230     0x1000 C:/Users/obuyukso/Desktop/AI8X/ai8x-synthesis/sdk/Examples/MAX78000/CNN/powernet/build/startup_max78000.o

.heap           0x20001230      0xc00 load address 0x10010010
                0x20001230                . = ALIGN (0x4)
 *(.heap*)
 .heap          0x20001230      0xc00 C:/Users/obuyukso/Desktop/AI8X/ai8x-synthesis/sdk/Examples/MAX78000/CNN/powernet/build/startup_max78000.o
                0x20001230                __HeapBase
                0x2001f000                __HeapLimit = ABSOLUTE (__StackLimit)
                0x20020000                PROVIDE (__stack = __StackTop)
                0x00000001                ASSERT ((__StackLimit >= _ebss), region RAM overflowed with stack)
OUTPUT(C:/Users/obuyukso/Desktop/AI8X/ai8x-synthesis/sdk/Examples/MAX78000/CNN/powernet/build/powernet.elf elf32-littlearm)
LOAD linker stubs

.ARM.attributes
                0x00000000       0x2e
 .ARM.attributes
                0x00000000       0x1e c:/maximsdk/tools/gnutools/10.3/bin/../lib/gcc/arm-none-eabi/10.3.1/thumb/v7e-m+fp/softfp/crti.o
 .ARM.attributes
                0x0000001e       0x32 c:/maximsdk/tools/gnutools/10.3/bin/../lib/gcc/arm-none-eabi/10.3.1/thumb/v7e-m+fp/softfp/crtbegin.o
 .ARM.attributes
                0x00000050       0x32 C:/Users/obuyukso/Desktop/AI8X/ai8x-synthesis/sdk/Examples/MAX78000/CNN/powernet/build/main.o
 .ARM.attributes
                0x00000082       0x32 C:/Users/obuyukso/Desktop/AI8X/ai8x-synthesis/sdk/Examples/MAX78000/CNN/powernet/build/cnn.o
 .ARM.attributes
                0x000000b4       0x32 C:/Users/obuyukso/Desktop/AI8X/ai8x-synthesis/sdk/Examples/MAX78000/CNN/powernet/build/board.o
 .ARM.attributes
                0x000000e6       0x32 C:/Users/obuyukso/Desktop/AI8X/ai8x-synthesis/sdk/Examples/MAX78000/CNN/powernet/build/stdio.o
 .ARM.attributes
                0x00000118       0x32 C:/Users/obuyukso/Desktop/AI8X/ai8x-synthesis/sdk/Examples/MAX78000/CNN/powernet/build/led.o
 .ARM.attributes
                0x0000014a       0x32 C:/Users/obuyukso/Desktop/AI8X/ai8x-synthesis/sdk/Examples/MAX78000/CNN/powernet/build/pb.o
 .ARM.attributes
                0x0000017c       0x1b C:/Users/obuyukso/Desktop/AI8X/ai8x-synthesis/sdk/Examples/MAX78000/CNN/powernet/build/startup_max78000.o
 .ARM.attributes
                0x00000197       0x32 C:/Users/obuyukso/Desktop/AI8X/ai8x-synthesis/sdk/Examples/MAX78000/CNN/powernet/build/heap.o
 .ARM.attributes
                0x000001c9       0x32 C:/Users/obuyukso/Desktop/AI8X/ai8x-synthesis/sdk/Examples/MAX78000/CNN/powernet/build/system_max78000.o
 .ARM.attributes
                0x000001fb       0x32 C:/MaximSDK/Libraries/PeriphDrivers/bin/MAX78000/softfp/libPeriphDriver_softfp.a(mxc_delay.o)
 .ARM.attributes
                0x0000022d       0x32 C:/MaximSDK/Libraries/PeriphDrivers/bin/MAX78000/softfp/libPeriphDriver_softfp.a(pins_ai85.o)
 .ARM.attributes
                0x0000025f       0x32 C:/MaximSDK/Libraries/PeriphDrivers/bin/MAX78000/softfp/libPeriphDriver_softfp.a(sys_ai85.o)
 .ARM.attributes
                0x00000291       0x32 C:/MaximSDK/Libraries/PeriphDrivers/bin/MAX78000/softfp/libPeriphDriver_softfp.a(nvic_table.o)
 .ARM.attributes
                0x000002c3       0x32 C:/MaximSDK/Libraries/PeriphDrivers/bin/MAX78000/softfp/libPeriphDriver_softfp.a(gpio_ai85.o)
 .ARM.attributes
                0x000002f5       0x32 C:/MaximSDK/Libraries/PeriphDrivers/bin/MAX78000/softfp/libPeriphDriver_softfp.a(gpio_reva.o)
 .ARM.attributes
                0x00000327       0x32 C:/MaximSDK/Libraries/PeriphDrivers/bin/MAX78000/softfp/libPeriphDriver_softfp.a(icc_me17.o)
 .ARM.attributes
                0x00000359       0x32 C:/MaximSDK/Libraries/PeriphDrivers/bin/MAX78000/softfp/libPeriphDriver_softfp.a(icc_reva.o)
 .ARM.attributes
                0x0000038b       0x32 C:/MaximSDK/Libraries/PeriphDrivers/bin/MAX78000/softfp/libPeriphDriver_softfp.a(tmr_ai85.o)
 .ARM.attributes
                0x000003bd       0x32 C:/MaximSDK/Libraries/PeriphDrivers/bin/MAX78000/softfp/libPeriphDriver_softfp.a(tmr_revb.o)
 .ARM.attributes
                0x000003ef       0x32 C:/MaximSDK/Libraries/PeriphDrivers/bin/MAX78000/softfp/libPeriphDriver_softfp.a(uart_ai85.o)
 .ARM.attributes
                0x00000421       0x32 C:/MaximSDK/Libraries/PeriphDrivers/bin/MAX78000/softfp/libPeriphDriver_softfp.a(uart_common.o)
 .ARM.attributes
                0x00000453       0x32 C:/MaximSDK/Libraries/PeriphDrivers/bin/MAX78000/softfp/libPeriphDriver_softfp.a(uart_revb.o)
 .ARM.attributes
                0x00000485       0x32 C:/MaximSDK/Libraries/PeriphDrivers/bin/MAX78000/softfp/libPeriphDriver_softfp.a(gpio_common.o)
 .ARM.attributes
                0x000004b7       0x32 C:/MaximSDK/Libraries/PeriphDrivers/bin/MAX78000/softfp/libPeriphDriver_softfp.a(tmr_common.o)
 .ARM.attributes
                0x000004e9       0x32 c:/maximsdk/tools/gnutools/10.3/bin/../lib/gcc/arm-none-eabi/10.3.1/../../../../arm-none-eabi/lib/thumb/v7e-m+fp/softfp\libc.a(lib_a-errno.o)
 .ARM.attributes
                0x0000051b       0x32 c:/maximsdk/tools/gnutools/10.3/bin/../lib/gcc/arm-none-eabi/10.3.1/../../../../arm-none-eabi/lib/thumb/v7e-m+fp/softfp\libc.a(lib_a-impure.o)
 .ARM.attributes
                0x0000054d       0x32 c:/maximsdk/tools/gnutools/10.3/bin/../lib/gcc/arm-none-eabi/10.3.1/../../../../arm-none-eabi/lib/thumb/v7e-m+fp/softfp\libc.a(lib_a-init.o)
 .ARM.attributes
                0x0000057f       0x32 c:/maximsdk/tools/gnutools/10.3/bin/../lib/gcc/arm-none-eabi/10.3.1/../../../../arm-none-eabi/lib/thumb/v7e-m+fp/softfp\libc.a(lib_a-mallocr.o)
 .ARM.attributes
                0x000005b1       0x1c c:/maximsdk/tools/gnutools/10.3/bin/../lib/gcc/arm-none-eabi/10.3.1/../../../../arm-none-eabi/lib/thumb/v7e-m+fp/softfp\libc.a(lib_a-memcpy.o)
 .ARM.attributes
                0x000005cd       0x32 c:/maximsdk/tools/gnutools/10.3/bin/../lib/gcc/arm-none-eabi/10.3.1/../../../../arm-none-eabi/lib/thumb/v7e-m+fp/softfp\libc.a(lib_a-memset.o)
 .ARM.attributes
                0x000005ff       0x32 c:/maximsdk/tools/gnutools/10.3/bin/../lib/gcc/arm-none-eabi/10.3.1/../../../../arm-none-eabi/lib/thumb/v7e-m+fp/softfp\libc.a(lib_a-mlock.o)
 .ARM.attributes
                0x00000631       0x32 c:/maximsdk/tools/gnutools/10.3/bin/../lib/gcc/arm-none-eabi/10.3.1/../../../../arm-none-eabi/lib/thumb/v7e-m+fp/softfp\libc.a(lib_a-printf.o)
 .ARM.attributes
                0x00000663       0x32 c:/maximsdk/tools/gnutools/10.3/bin/../lib/gcc/arm-none-eabi/10.3.1/../../../../arm-none-eabi/lib/thumb/v7e-m+fp/softfp\libc.a(lib_a-puts.o)
 .ARM.attributes
                0x00000695       0x32 c:/maximsdk/tools/gnutools/10.3/bin/../lib/gcc/arm-none-eabi/10.3.1/../../../../arm-none-eabi/lib/thumb/v7e-m+fp/softfp\libc.a(lib_a-sbrkr.o)
 .ARM.attributes
                0x000006c7       0x1c c:/maximsdk/tools/gnutools/10.3/bin/../lib/gcc/arm-none-eabi/10.3.1/../../../../arm-none-eabi/lib/thumb/v7e-m+fp/softfp\libc.a(lib_a-strlen.o)
 .ARM.attributes
                0x000006e3       0x32 c:/maximsdk/tools/gnutools/10.3/bin/../lib/gcc/arm-none-eabi/10.3.1/../../../../arm-none-eabi/lib/thumb/v7e-m+fp/softfp\libc.a(lib_a-vfprintf.o)
 .ARM.attributes
                0x00000715       0x32 c:/maximsdk/tools/gnutools/10.3/bin/../lib/gcc/arm-none-eabi/10.3.1/../../../../arm-none-eabi/lib/thumb/v7e-m+fp/softfp\libc.a(lib_a-wsetup.o)
 .ARM.attributes
                0x00000747       0x32 c:/maximsdk/tools/gnutools/10.3/bin/../lib/gcc/arm-none-eabi/10.3.1/../../../../arm-none-eabi/lib/thumb/v7e-m+fp/softfp\libc.a(lib_a-__call_atexit.o)
 .ARM.attributes
                0x00000779       0x32 c:/maximsdk/tools/gnutools/10.3/bin/../lib/gcc/arm-none-eabi/10.3.1/../../../../arm-none-eabi/lib/thumb/v7e-m+fp/softfp\libc.a(lib_a-atexit.o)
 .ARM.attributes
                0x000007ab       0x32 c:/maximsdk/tools/gnutools/10.3/bin/../lib/gcc/arm-none-eabi/10.3.1/../../../../arm-none-eabi/lib/thumb/v7e-m+fp/softfp\libc.a(lib_a-dtoa.o)
 .ARM.attributes
                0x000007dd       0x32 c:/maximsdk/tools/gnutools/10.3/bin/../lib/gcc/arm-none-eabi/10.3.1/../../../../arm-none-eabi/lib/thumb/v7e-m+fp/softfp\libc.a(lib_a-fflush.o)
 .ARM.attributes
                0x0000080f       0x32 c:/maximsdk/tools/gnutools/10.3/bin/../lib/gcc/arm-none-eabi/10.3.1/../../../../arm-none-eabi/lib/thumb/v7e-m+fp/softfp\libc.a(lib_a-findfp.o)
 .ARM.attributes
                0x00000841       0x32 c:/maximsdk/tools/gnutools/10.3/bin/../lib/gcc/arm-none-eabi/10.3.1/../../../../arm-none-eabi/lib/thumb/v7e-m+fp/softfp\libc.a(lib_a-fini.o)
 .ARM.attributes
                0x00000873       0x32 c:/maximsdk/tools/gnutools/10.3/bin/../lib/gcc/arm-none-eabi/10.3.1/../../../../arm-none-eabi/lib/thumb/v7e-m+fp/softfp\libc.a(lib_a-freer.o)
 .ARM.attributes
                0x000008a5       0x32 c:/maximsdk/tools/gnutools/10.3/bin/../lib/gcc/arm-none-eabi/10.3.1/../../../../arm-none-eabi/lib/thumb/v7e-m+fp/softfp\libc.a(lib_a-fvwrite.o)
 .ARM.attributes
                0x000008d7       0x32 c:/maximsdk/tools/gnutools/10.3/bin/../lib/gcc/arm-none-eabi/10.3.1/../../../../arm-none-eabi/lib/thumb/v7e-m+fp/softfp\libc.a(lib_a-fwalk.o)
 .ARM.attributes
                0x00000909       0x32 c:/maximsdk/tools/gnutools/10.3/bin/../lib/gcc/arm-none-eabi/10.3.1/../../../../arm-none-eabi/lib/thumb/v7e-m+fp/softfp\libc.a(lib_a-localeconv.o)
 .ARM.attributes
                0x0000093b       0x32 c:/maximsdk/tools/gnutools/10.3/bin/../lib/gcc/arm-none-eabi/10.3.1/../../../../arm-none-eabi/lib/thumb/v7e-m+fp/softfp\libc.a(lib_a-lock.o)
 .ARM.attributes
                0x0000096d       0x32 c:/maximsdk/tools/gnutools/10.3/bin/../lib/gcc/arm-none-eabi/10.3.1/../../../../arm-none-eabi/lib/thumb/v7e-m+fp/softfp\libc.a(lib_a-makebuf.o)
 .ARM.attributes
                0x0000099f       0x1c c:/maximsdk/tools/gnutools/10.3/bin/../lib/gcc/arm-none-eabi/10.3.1/../../../../arm-none-eabi/lib/thumb/v7e-m+fp/softfp\libc.a(lib_a-memchr.o)
 .ARM.attributes
                0x000009bb       0x32 c:/maximsdk/tools/gnutools/10.3/bin/../lib/gcc/arm-none-eabi/10.3.1/../../../../arm-none-eabi/lib/thumb/v7e-m+fp/softfp\libc.a(lib_a-memmove.o)
 .ARM.attributes
                0x000009ed       0x32 c:/maximsdk/tools/gnutools/10.3/bin/../lib/gcc/arm-none-eabi/10.3.1/../../../../arm-none-eabi/lib/thumb/v7e-m+fp/softfp\libc.a(lib_a-mprec.o)
 .ARM.attributes
                0x00000a1f       0x32 c:/maximsdk/tools/gnutools/10.3/bin/../lib/gcc/arm-none-eabi/10.3.1/../../../../arm-none-eabi/lib/thumb/v7e-m+fp/softfp\libc.a(lib_a-reallocr.o)
 .ARM.attributes
                0x00000a51       0x32 c:/maximsdk/tools/gnutools/10.3/bin/../lib/gcc/arm-none-eabi/10.3.1/../../../../arm-none-eabi/lib/thumb/v7e-m+fp/softfp\libc.a(lib_a-reent.o)
 .ARM.attributes
                0x00000a83       0x32 c:/maximsdk/tools/gnutools/10.3/bin/../lib/gcc/arm-none-eabi/10.3.1/../../../../arm-none-eabi/lib/thumb/v7e-m+fp/softfp\libc.a(lib_a-s_frexp.o)
 .ARM.attributes
                0x00000ab5       0x32 c:/maximsdk/tools/gnutools/10.3/bin/../lib/gcc/arm-none-eabi/10.3.1/../../../../arm-none-eabi/lib/thumb/v7e-m+fp/softfp\libc.a(lib_a-stdio.o)
 .ARM.attributes
                0x00000ae7       0x32 c:/maximsdk/tools/gnutools/10.3/bin/../lib/gcc/arm-none-eabi/10.3.1/../../../../arm-none-eabi/lib/thumb/v7e-m+fp/softfp\libc.a(lib_a-strncpy.o)
 .ARM.attributes
                0x00000b19       0x32 c:/maximsdk/tools/gnutools/10.3/bin/../lib/gcc/arm-none-eabi/10.3.1/../../../../arm-none-eabi/lib/thumb/v7e-m+fp/softfp\libc.a(lib_a-vfiprintf.o)
 .ARM.attributes
                0x00000b4b       0x32 c:/maximsdk/tools/gnutools/10.3/bin/../lib/gcc/arm-none-eabi/10.3.1/../../../../arm-none-eabi/lib/thumb/v7e-m+fp/softfp\libc.a(lib_a-writer.o)
 .ARM.attributes
                0x00000b7d       0x32 c:/maximsdk/tools/gnutools/10.3/bin/../lib/gcc/arm-none-eabi/10.3.1/../../../../arm-none-eabi/lib/thumb/v7e-m+fp/softfp\libc.a(lib_a-__atexit.o)
 .ARM.attributes
                0x00000baf       0x32 c:/maximsdk/tools/gnutools/10.3/bin/../lib/gcc/arm-none-eabi/10.3.1/../../../../arm-none-eabi/lib/thumb/v7e-m+fp/softfp\libc.a(lib_a-assert.o)
 .ARM.attributes
                0x00000be1       0x32 c:/maximsdk/tools/gnutools/10.3/bin/../lib/gcc/arm-none-eabi/10.3.1/../../../../arm-none-eabi/lib/thumb/v7e-m+fp/softfp\libc.a(lib_a-callocr.o)
 .ARM.attributes
                0x00000c13       0x32 c:/maximsdk/tools/gnutools/10.3/bin/../lib/gcc/arm-none-eabi/10.3.1/../../../../arm-none-eabi/lib/thumb/v7e-m+fp/softfp\libc.a(lib_a-closer.o)
 .ARM.attributes
                0x00000c45       0x32 c:/maximsdk/tools/gnutools/10.3/bin/../lib/gcc/arm-none-eabi/10.3.1/../../../../arm-none-eabi/lib/thumb/v7e-m+fp/softfp\libc.a(lib_a-fclose.o)
 .ARM.attributes
                0x00000c77       0x32 c:/maximsdk/tools/gnutools/10.3/bin/../lib/gcc/arm-none-eabi/10.3.1/../../../../arm-none-eabi/lib/thumb/v7e-m+fp/softfp\libc.a(lib_a-fiprintf.o)
 .ARM.attributes
                0x00000ca9       0x32 c:/maximsdk/tools/gnutools/10.3/bin/../lib/gcc/arm-none-eabi/10.3.1/../../../../arm-none-eabi/lib/thumb/v7e-m+fp/softfp\libc.a(lib_a-fputwc.o)
 .ARM.attributes
                0x00000cdb       0x32 c:/maximsdk/tools/gnutools/10.3/bin/../lib/gcc/arm-none-eabi/10.3.1/../../../../arm-none-eabi/lib/thumb/v7e-m+fp/softfp\libc.a(lib_a-fstatr.o)
 .ARM.attributes